 PhysX3CharacterKinematicDEBUG_x86

 Timestamp is 5804727c (Mon Oct 17 01:41:00 2016)

 Preferred load address is 10000000

 Start         Length     Name                   Class
 0001:00000000 00002ff0H .text$di                CODE
 0001:00002ff0 0002f821H .text$mn                CODE
 0002:00000000 00000104H .CRT$XCA                DATA
 0002:00000104 0000013cH .CRT$XCU                DATA
 0002:00000240 00000104H .CRT$XCZ                DATA
 0002:00000344 00000104H .CRT$XIA                DATA
 0002:00000448 00000104H .CRT$XIZ                DATA
 0002:0000054c 00000104H .CRT$XPA                DATA
 0002:00000650 00000104H .CRT$XPZ                DATA
 0002:00000754 00000104H .CRT$XTA                DATA
 0002:00000858 00000108H .CRT$XTZ                DATA
 0002:00000960 00003408H .rdata                  DATA
 0002:00003d68 00000158H .rdata$r                DATA
 0002:00003ec0 00000104H .rdata$sxdata           DATA
 0002:00003fc4 000001a0H .rdata$zzzdbg           DATA
 0002:00004164 00000104H .rtc$IAA                DATA
 0002:00004268 0000013cH .rtc$IMZ                DATA
 0002:000043a4 00000104H .rtc$IZZ                DATA
 0002:000044a8 00000104H .rtc$TAA                DATA
 0002:000045ac 0000013cH .rtc$TMZ                DATA
 0002:000046e8 00000108H .rtc$TZZ                DATA
 0002:000047f0 000001e0H .xdata$x                DATA
 0002:000049d0 0000034fH .edata                  DATA
 0003:00000000 00000178H .data                   DATA
 0003:00000178 00000258H .data$r                 DATA
 0003:000003d0 00000618H .bss                    DATA
 0004:00000000 00000284H .idata$5                DATA
 0004:00000284 00000050H .idata$2                DATA
 0004:000002d4 00000014H .idata$3                DATA
 0004:000002e8 00000284H .idata$4                DATA
 0004:0000056c 000012c3H .idata$6                DATA
 0005:00000000 00000133H .gfids$y                DATA
 0006:00000000 00000104H .00cfg                  DATA
 0007:00000000 000001c0H .rsrc$01                DATA
 0007:000001c0 00000700H .rsrc$02                DATA

  Address         Publics by Value              Rva+Base       Lib:Object

 0000:00000000       ___guard_longjmp_count     00000000     <absolute>
 0000:00000000       ___guard_iat_table         00000000     <absolute>
 0000:00000000       ___guard_iat_count         00000000     <absolute>
 0000:00000000       ___guard_fids_table        00000000     <absolute>
 0000:00000000       ___guard_longjmp_table     00000000     <absolute>
 0000:00000000       ___dynamic_value_reloc_table 00000000     <absolute>
 0000:00000000       ___guard_fids_count        00000000     <absolute>
 0000:00000001       ___safe_se_handler_count   00000001     <absolute>
 0000:00000100       ___guard_flags             00000100     <absolute>
 0000:00000000       ___ImageBase               10000000     <linker-defined>
 0001:00002ff0       ??0BoxController@Cct@physx@@QAE@ABVPxControllerDesc@2@AAVPxPhysics@2@PAVPxScene@2@@Z 10003ff0 f   CctBoxController.obj
 0001:000030e0       ??1BoxController@Cct@physx@@UAE@XZ 100040e0 f   CctBoxController.obj
 0001:00003120       ?getWorldBox@BoxController@Cct@physx@@UBE_NAAUPxExtendedBounds3@3@@Z 10004120 f   CctBoxController.obj
 0001:00003190       ?setFootPosition@BoxController@Cct@physx@@UAE_NABUPxExtendedVec3@3@@Z 10004190 f   CctBoxController.obj
 0001:00003210       ?getFootPosition@BoxController@Cct@physx@@UBE?AUPxExtendedVec3@3@XZ 10004210 f   CctBoxController.obj
 0001:000032b0       ?invalidateCache@BoxController@Cct@physx@@UAEXXZ 100042b0 f   CctBoxController.obj
 0001:00003310       ?resize@BoxController@Cct@physx@@UAEXM@Z 10004310 f   CctBoxController.obj
 0001:000033c0       ?getHalfHeight@BoxController@Cct@physx@@UBEMXZ 100043c0 f   CctBoxController.obj
 0001:000033e0       ?getHalfSideExtent@BoxController@Cct@physx@@UBEMXZ 100043e0 f   CctBoxController.obj
 0001:00003400       ?getHalfForwardExtent@BoxController@Cct@physx@@UBEMXZ 10004400 f   CctBoxController.obj
 0001:00003420       ?setHalfHeight@BoxController@Cct@physx@@UAE_NM@Z 10004420 f   CctBoxController.obj
 0001:00003460       ?setHalfSideExtent@BoxController@Cct@physx@@UAE_NM@Z 10004460 f   CctBoxController.obj
 0001:000034a0       ?setHalfForwardExtent@BoxController@Cct@physx@@UAE_NM@Z 100044a0 f   CctBoxController.obj
 0001:000034e0       ?updateKinematicProxy@BoxController@Cct@physx@@QAE_NXZ 100044e0 f   CctBoxController.obj
 0001:000035e0       ?getOBB@BoxController@Cct@physx@@QBEXAAVPxExtendedBox@3@@Z 100045e0 f   CctBoxController.obj
 0001:00003840       ??0PxBoxController@physx@@IAE@XZ 10004840 f i CctBoxController.obj
 0001:00003870       ??0PxBoxGeometry@physx@@QAE@XZ 10004870 f i CctBoxController.obj
 0001:000038c0       ??0PxController@physx@@IAE@XZ 100048c0 f i CctBoxController.obj
 0001:000038e0       ??0PxControllerManager@physx@@IAE@XZ 100048e0 f i CctBoxController.obj
 0001:00003900       ??0PxControllerManager@physx@@QAE@ABV01@@Z 10004900 f i CctBoxController.obj
 0001:00003920       ??0PxExtendedBounds3@physx@@QAE@XZ 10004920 f i CctBoxController.obj
 0001:00003950       ??0PxExtendedVec3@physx@@QAE@NNN@Z 10004950 f i CctBoxController.obj
 0001:000039a0       ??0PxExtendedVec3@physx@@QAE@XZ 100049a0 f i CctBoxController.obj
 0001:000039c0       ??0PxGeometry@physx@@IAE@W4Enum@PxGeometryType@1@@Z 100049c0 f i CctBoxController.obj
 0001:000039e0       ??0PxVec3@physx@@QAE@ABV01@@Z 100049e0 f i CctBoxController.obj
 0001:00003a20       ??0PxVec3@physx@@QAE@MMM@Z 10004a20 f i CctBoxController.obj
 0001:00003a70       ??1PxBoxController@physx@@MAE@XZ 10004a70 f i CctBoxController.obj
 0001:00003aa0       ??1PxController@physx@@MAE@XZ 10004aa0 f i CctBoxController.obj
 0001:00003ac0       ??1PxControllerManager@physx@@MAE@XZ 10004ac0 f i CctBoxController.obj
 0001:00003ae0       ??3UserAllocated@shdfnd@physx@@SAXPAX@Z 10004ae0 f i CctBoxController.obj
 0001:00003b10       ??4PxControllerManager@physx@@QAEAAV01@ABV01@@Z 10004b10 f i CctBoxController.obj
 0001:00003b30       ??4PxQuat@physx@@QAEAAV01@ABV01@@Z 10004b30 f i CctBoxController.obj
 0001:00003b80       ??4PxVec3@physx@@QAEAAV01@ABV01@@Z 10004b80 f i CctBoxController.obj
 0001:00003bc0       ??DPxVec3@physx@@QBE?AV01@M@Z 10004bc0 f i CctBoxController.obj
 0001:00003c30       ??GPxExtendedVec3@physx@@QBE?AVPxVec3@1@ABU01@@Z 10004c30 f i CctBoxController.obj
 0001:00003cb0       ??HPxExtendedVec3@physx@@QBE?AU01@ABU01@@Z 10004cb0 f i CctBoxController.obj
 0001:00003d30       ??XPxExtendedVec3@physx@@QAEAAU01@ABM@Z 10004d30 f i CctBoxController.obj
 0001:00003da0       ??XPxVec3@physx@@QAEAAV01@M@Z 10004da0 f i CctBoxController.obj
 0001:00003e00       ??YPxExtendedVec3@physx@@QAEAAU01@ABVPxVec3@1@@Z 10004e00 f i CctBoxController.obj
 0001:00003e70       ??ZPxExtendedVec3@physx@@QAEAAU01@ABVPxVec3@1@@Z 10004e70 f i CctBoxController.obj
 0001:00003ee9       ??_EBoxController@Cct@physx@@W7AEPAXI@Z 10004ee9 f i CctBoxController.obj
 0001:00003f00       ??_EPxControllerManager@physx@@MAEPAXI@Z 10004f00 f i CctBoxController.obj
 0001:00003fa0       ??_EBoxController@Cct@physx@@UAEPAXI@Z 10004fa0 f i CctBoxController.obj
 0001:00003fa0       ??_GBoxController@Cct@physx@@UAEPAXI@Z 10004fa0 f i CctBoxController.obj
 0001:00004000       ??_GPxBoxController@physx@@MAEPAXI@Z 10005000 f i CctBoxController.obj
 0001:00004000       ??_EPxBoxController@physx@@MAEPAXI@Z 10005000 f i CctBoxController.obj
 0001:00004040       ??_EPxController@physx@@MAEPAXI@Z 10005040 f i CctBoxController.obj
 0001:00004040       ??_GPxController@physx@@MAEPAXI@Z 10005040 f i CctBoxController.obj
 0001:00004080       ??_GPxControllerManager@physx@@MAEPAXI@Z 10005080 f i CctBoxController.obj
 0001:000040c0       ??_H@YGXPAXIIP6EPAX0@Z@Z   100050c0 f i CctBoxController.obj
 0001:00004120       ??_I@YGXPAXIIP6EX0@Z@Z     10005120 f i CctBoxController.obj
 0001:00004190       ?__empty_global_delete@@YAXPAX@Z 10005190 f i CctBoxController.obj
 0001:000041a0       ?__empty_global_delete@@YAXPAXI@Z 100051a0 f i CctBoxController.obj
 0001:000041a0       ?__global_delete@@YAXPAXI@Z 100051a0 f i CctBoxController.obj
 0001:000041b0       ?createController@PxControllerManager@physx@@UAEPAVPxController@2@AAVPxPhysics@2@PAVPxScene@2@ABVPxControllerDesc@2@@Z 100051b0 f i CctBoxController.obj
 0001:00004220       ?getActor@BoxController@Cct@physx@@UBEPAVPxRigidDynamic@3@XZ 10005220 f i CctBoxController.obj
 0001:00004240       ?getCenter@physx@@YAXABUPxExtendedBounds3@1@AAUPxExtendedVec3@1@@Z 10005240 f i CctBoxController.obj
 0001:000042c0       ?getContactOffset@BoxController@Cct@physx@@UBEMXZ 100052c0 f i CctBoxController.obj
 0001:000042e0       ?getExtents@physx@@YAXABUPxExtendedBounds3@1@AAVPxVec3@1@@Z 100052e0 f i CctBoxController.obj
 0001:00004330       ?getHalfHeightInternal@BoxController@Cct@physx@@UBEMXZ 10005330 f i CctBoxController.obj
 0001:00004350       ?getNonWalkableMode@BoxController@Cct@physx@@UBE?AW4Enum@PxControllerNonWalkableMode@3@XZ 10005350 f i CctBoxController.obj
 0001:00004370       ?getPosition@BoxController@Cct@physx@@UBEABUPxExtendedVec3@3@XZ 10005370 f i CctBoxController.obj
 0001:00004390       ?getPxController@BoxController@Cct@physx@@UAEPAVPxController@3@XZ 10005390 f i CctBoxController.obj
 0001:000043b0       ?getScene@BoxController@Cct@physx@@UAEPAVPxScene@3@XZ 100053b0 f i CctBoxController.obj
 0001:000043d0       ?getSlopeLimit@BoxController@Cct@physx@@UBEMXZ 100053d0 f i CctBoxController.obj
 0001:000043f0       ?getState@BoxController@Cct@physx@@UBEXAAUPxControllerState@3@@Z 100053f0 f i CctBoxController.obj
 0001:00004420       ?getStats@BoxController@Cct@physx@@UBEXAAUPxControllerStats@3@@Z 10005420 f i CctBoxController.obj
 0001:00004450       ?getStepOffset@BoxController@Cct@physx@@UBEMXZ 10005450 f i CctBoxController.obj
 0001:00004470       ?getType@BoxController@Cct@physx@@UBE?AW4Enum@PxControllerShapeType@3@XZ 10005470 f i CctBoxController.obj
 0001:00004490       ?getUpDirection@BoxController@Cct@physx@@UBE?AVPxVec3@3@XZ 10005490 f i CctBoxController.obj
 0001:000044c0       ?getUserData@BoxController@Cct@physx@@UBEPAXXZ 100054c0 f i CctBoxController.obj
 0001:000044e0       ?lock@?$MutexT@V?$ReflectionAllocator@VMutexImpl@shdfnd@physx@@@shdfnd@physx@@@shdfnd@physx@@QBEXXZ 100054e0 f i CctBoxController.obj
 0001:00004500       ?release@BoxController@Cct@physx@@UAEXXZ 10005500 f i CctBoxController.obj
 0001:00004520       ?setCenterExtents@physx@@YAXAAUPxExtendedBounds3@1@ABUPxExtendedVec3@1@ABVPxVec3@1@@Z 10005520 f i CctBoxController.obj
 0001:000045b0       ?setContactOffset@BoxController@Cct@physx@@UAEXM@Z 100055b0 f i CctBoxController.obj
 0001:000045f0       ?setNonWalkableMode@BoxController@Cct@physx@@UAEXW4Enum@PxControllerNonWalkableMode@3@@Z 100055f0 f i CctBoxController.obj
 0001:00004610       ?setPosition@BoxController@Cct@physx@@UAE_NABUPxExtendedVec3@3@@Z 10005610 f i CctBoxController.obj
 0001:00004640       ?setSlopeLimit@BoxController@Cct@physx@@UAEXM@Z 10005640 f i CctBoxController.obj
 0001:00004680       ?setStepOffset@BoxController@Cct@physx@@UAEXM@Z 10005680 f i CctBoxController.obj
 0001:000046c0       ?setUpDirection@BoxController@Cct@physx@@UAEXABVPxVec3@3@@Z 100056c0 f i CctBoxController.obj
 0001:000046f0       ?setUserData@BoxController@Cct@physx@@UAEXPAX@Z 100056f0 f i CctBoxController.obj
 0001:00004710       ?unlock@?$MutexT@V?$ReflectionAllocator@VMutexImpl@shdfnd@physx@@@shdfnd@physx@@@shdfnd@physx@@QBEXXZ 10005710 f i CctBoxController.obj
 0001:00004730       ??0CapsuleController@Cct@physx@@QAE@ABVPxControllerDesc@2@AAVPxPhysics@2@PAVPxScene@2@@Z 10005730 f   CctCapsuleController.obj
 0001:00004830       ??1CapsuleController@Cct@physx@@UAE@XZ 10005830 f   CctCapsuleController.obj
 0001:00004870       ?getWorldBox@CapsuleController@Cct@physx@@UBE_NAAUPxExtendedBounds3@3@@Z 10005870 f   CctCapsuleController.obj
 0001:000048f0       ?setFootPosition@CapsuleController@Cct@physx@@UAE_NABUPxExtendedVec3@3@@Z 100058f0 f   CctCapsuleController.obj
 0001:00004980       ?getFootPosition@CapsuleController@Cct@physx@@UBE?AUPxExtendedVec3@3@XZ 10005980 f   CctCapsuleController.obj
 0001:00004a30       ?invalidateCache@CapsuleController@Cct@physx@@UAEXXZ 10005a30 f   CctCapsuleController.obj
 0001:00004a90       ?resize@CapsuleController@Cct@physx@@UAEXM@Z 10005a90 f   CctCapsuleController.obj
 0001:00004b60       ?getClimbingMode@CapsuleController@Cct@physx@@UBE?AW4Enum@PxCapsuleClimbingMode@3@XZ 10005b60 f   CctCapsuleController.obj
 0001:00004b80       ?setRadius@CapsuleController@Cct@physx@@UAE_NM@Z 10005b80 f   CctCapsuleController.obj
 0001:00004c60       ?setHeight@CapsuleController@Cct@physx@@UAE_NM@Z 10005c60 f   CctCapsuleController.obj
 0001:00004d40       ?setClimbingMode@CapsuleController@Cct@physx@@UAE_NW4Enum@PxCapsuleClimbingMode@3@@Z 10005d40 f   CctCapsuleController.obj
 0001:00004d70       ?getCapsule@CapsuleController@Cct@physx@@QBEXAAUPxExtendedCapsule@3@@Z 10005d70 f   CctCapsuleController.obj
 0001:000050c0       ??0PxCapsuleController@physx@@IAE@XZ 100060c0 f i CctCapsuleController.obj
 0001:000050f0       ??0PxCapsuleGeometry@physx@@QAE@XZ 100060f0 f i CctCapsuleController.obj
 0001:00005130       ??1PxCapsuleController@physx@@MAE@XZ 10006130 f i CctCapsuleController.obj
 0001:00005153       ??_ECapsuleController@Cct@physx@@W7AEPAXI@Z 10006153 f i CctCapsuleController.obj
 0001:00005160       ??_ECapsuleController@Cct@physx@@UAEPAXI@Z 10006160 f i CctCapsuleController.obj
 0001:00005160       ??_GCapsuleController@Cct@physx@@UAEPAXI@Z 10006160 f i CctCapsuleController.obj
 0001:000051c0       ??_GPxCapsuleController@physx@@MAEPAXI@Z 100061c0 f i CctCapsuleController.obj
 0001:000051c0       ??_EPxCapsuleController@physx@@MAEPAXI@Z 100061c0 f i CctCapsuleController.obj
 0001:00005200       ?getActor@CapsuleController@Cct@physx@@UBEPAVPxRigidDynamic@3@XZ 10006200 f i CctCapsuleController.obj
 0001:00005220       ?getContactOffset@CapsuleController@Cct@physx@@UBEMXZ 10006220 f i CctCapsuleController.obj
 0001:00005240       ?getHalfHeightInternal@CapsuleController@Cct@physx@@UBEMXZ 10006240 f i CctCapsuleController.obj
 0001:00005280       ?getHeight@CapsuleController@Cct@physx@@UBEMXZ 10006280 f i CctCapsuleController.obj
 0001:000052a0       ?getNonWalkableMode@CapsuleController@Cct@physx@@UBE?AW4Enum@PxControllerNonWalkableMode@3@XZ 100062a0 f i CctCapsuleController.obj
 0001:000052c0       ?getPosition@CapsuleController@Cct@physx@@UBEABUPxExtendedVec3@3@XZ 100062c0 f i CctCapsuleController.obj
 0001:000052e0       ?getPxController@CapsuleController@Cct@physx@@UAEPAVPxController@3@XZ 100062e0 f i CctCapsuleController.obj
 0001:00005300       ?getRadius@CapsuleController@Cct@physx@@UBEMXZ 10006300 f i CctCapsuleController.obj
 0001:00005320       ?getScene@CapsuleController@Cct@physx@@UAEPAVPxScene@3@XZ 10006320 f i CctCapsuleController.obj
 0001:00005340       ?getSlopeLimit@CapsuleController@Cct@physx@@UBEMXZ 10006340 f i CctCapsuleController.obj
 0001:00005360       ?getState@CapsuleController@Cct@physx@@UBEXAAUPxControllerState@3@@Z 10006360 f i CctCapsuleController.obj
 0001:00005390       ?getStats@CapsuleController@Cct@physx@@UBEXAAUPxControllerStats@3@@Z 10006390 f i CctCapsuleController.obj
 0001:000053c0       ?getStepOffset@CapsuleController@Cct@physx@@UBEMXZ 100063c0 f i CctCapsuleController.obj
 0001:000053e0       ?getType@CapsuleController@Cct@physx@@UBE?AW4Enum@PxControllerShapeType@3@XZ 100063e0 f i CctCapsuleController.obj
 0001:00005400       ?getUpDirection@CapsuleController@Cct@physx@@UBE?AVPxVec3@3@XZ 10006400 f i CctCapsuleController.obj
 0001:00005430       ?getUserData@CapsuleController@Cct@physx@@UBEPAXXZ 10006430 f i CctCapsuleController.obj
 0001:00005450       ?release@CapsuleController@Cct@physx@@UAEXXZ 10006450 f i CctCapsuleController.obj
 0001:00005470       ?setContactOffset@CapsuleController@Cct@physx@@UAEXM@Z 10006470 f i CctCapsuleController.obj
 0001:000054b0       ?setNonWalkableMode@CapsuleController@Cct@physx@@UAEXW4Enum@PxControllerNonWalkableMode@3@@Z 100064b0 f i CctCapsuleController.obj
 0001:000054d0       ?setPosition@CapsuleController@Cct@physx@@UAE_NABUPxExtendedVec3@3@@Z 100064d0 f i CctCapsuleController.obj
 0001:00005500       ?setSlopeLimit@CapsuleController@Cct@physx@@UAEXM@Z 10006500 f i CctCapsuleController.obj
 0001:00005540       ?setStepOffset@CapsuleController@Cct@physx@@UAEXM@Z 10006540 f i CctCapsuleController.obj
 0001:00005580       ?setUpDirection@CapsuleController@Cct@physx@@UAEXABVPxVec3@3@@Z 10006580 f i CctCapsuleController.obj
 0001:000055b0       ?setUserData@CapsuleController@Cct@physx@@UAEXPAX@Z 100065b0 f i CctCapsuleController.obj
 0001:000055d0       ??0CCTParams@Cct@physx@@QAE@XZ 100065d0 f   CctCharacterController.obj
 0001:00005670       ??0SweepTest@Cct@physx@@QAE@XZ 10006670 f   CctCharacterController.obj
 0001:00005960       ??1SweepTest@Cct@physx@@QAE@XZ 10006960 f   CctCharacterController.obj
 0001:00005990       ?moveCharacter@SweepTest@Cct@physx@@QAE?AV?$PxFlags@W4Enum@PxControllerCollisionFlag@physx@@E@3@PBUInternalCBData_FindTouchedGeom@23@PBUInternalCBData_OnHit@23@AAVSweptVolume@23@ABVPxVec3@3@ABUUserObstacles@23@MABVPxControllerFilters@3@_N6@Z 10006990 f   CctCharacterController.obj
 0001:00006360       ?doSweepTest@SweepTest@Cct@physx@@QAE_NPBUInternalCBData_FindTouchedGeom@23@PBUInternalCBData_OnHit@23@ABUUserObstacles@23@AAVSweptVolume@23@ABVPxVec3@3@4IPAIMABVPxControllerFilters@3@W4SweepPass@23@@Z 10007360 f   CctCharacterController.obj
 0001:00006df0       ?findTouchedObstacles@SweepTest@Cct@physx@@QAEXABUUserObstacles@23@ABUPxExtendedBounds3@3@@Z 10007df0 f   CctCharacterController.obj
 0001:000072d0       ?voidTestCache@SweepTest@Cct@physx@@QAEXXZ 100082d0 f   CctCharacterController.obj
 0001:00007310       ?onRelease@SweepTest@Cct@physx@@QAEXABVPxBase@3@@Z 10008310 f   CctCharacterController.obj
 0001:000073c0       ?onObstacleRemoved@SweepTest@Cct@physx@@QAEXI@Z 100083c0 f   CctCharacterController.obj
 0001:000073f0       ?onObstacleUpdated@SweepTest@Cct@physx@@QAEXIPBVPxObstacleContext@3@ABVPxVec3@3@1M@Z 100083f0 f   CctCharacterController.obj
 0001:00007550       ?onObstacleAdded@SweepTest@Cct@physx@@QAEXIPBVPxObstacleContext@3@ABVPxVec3@3@1M@Z 10008550 f   CctCharacterController.obj
 0001:000076d0       ?onOriginShift@SweepTest@Cct@physx@@QAEXABVPxVec3@3@@Z 100086d0 f   CctCharacterController.obj
 0001:000077d0       ?updateTouchedGeoms@SweepTest@Cct@physx@@AAEXPBUInternalCBData_FindTouchedGeom@23@ABUUserObstacles@23@ABUPxExtendedBounds3@3@ABVPxControllerFilters@3@ABVPxVec3@3@@Z 100087d0 f   CctCharacterController.obj
 0001:00007dd0       ?findTouchedObject@Controller@Cct@physx@@IAEXABVPxControllerFilters@3@PBVPxObstacleContext@3@ABVPxVec3@3@@Z 10008dd0 f   CctCharacterController.obj
 0001:00008380       ?rideOnTouchedObject@Controller@Cct@physx@@IAE_NAAVSweptVolume@23@ABVPxVec3@3@AAV53@PBVPxObstacleContext@3@@Z 10009380 f   CctCharacterController.obj
 0001:00008830       ?move@Controller@Cct@physx@@IAE?AV?$PxFlags@W4Enum@PxControllerCollisionFlag@physx@@E@3@AAVSweptVolume@23@ABVPxVec3@3@MMABVPxControllerFilters@3@PBVPxObstacleContext@3@_N@Z 10009830 f   CctCharacterController.obj
 0001:000097b0       ?filterTouchedShape@Controller@Cct@physx@@IAE_NABVPxControllerFilters@3@@Z 1000a7b0 f   CctCharacterController.obj
 0001:0000ba70       ?move@BoxController@Cct@physx@@UAE?AV?$PxFlags@W4Enum@PxControllerCollisionFlag@physx@@E@3@ABVPxVec3@3@MMABVPxControllerFilters@3@PBVPxObstacleContext@3@@Z 1000ca70 f   CctCharacterController.obj
 0001:0000bb60       ?move@CapsuleController@Cct@physx@@UAE?AV?$PxFlags@W4Enum@PxControllerCollisionFlag@physx@@E@3@ABVPxVec3@3@MMABVPxControllerFilters@3@PBVPxObstacleContext@3@@Z 1000cb60 f   CctCharacterController.obj
 0001:0000d5f0       ??$PX_UNUSED@I@@YAXABI@Z   1000e5f0 f i CctCharacterController.obj
 0001:0000d600       ??$PX_UNUSED@PBUPxRaycastHit@physx@@@@YAXABQBUPxRaycastHit@physx@@@Z 1000e600 f i CctCharacterController.obj
 0001:0000d610       ??$PX_UNUSED@W4PxIDENTITY@physx@@@@YAXABW4PxIDENTITY@physx@@@Z 1000e610 f i CctCharacterController.obj
 0001:0000d620       ??$PxMax@N@physx@@YANNN@Z  1000e620 f i CctCharacterController.obj
 0001:0000d660       ??$PxMin@N@physx@@YANNN@Z  1000e660 f i CctCharacterController.obj
 0001:0000d6a0       ??$PxUnionCast@PBVPxGeometry@physx@@PAY03$$CBE@physx@@YAPBVPxGeometry@0@PAY03$$CBE@Z 1000e6a0 f i CctCharacterController.obj
 0001:0000d6c0       ??$reserve@IVNamedAllocator@shdfnd@physx@@@Cct@physx@@YAPAIAAV?$Array@IVNamedAllocator@shdfnd@physx@@@shdfnd@1@I@Z 1000e6c0 f i CctCharacterController.obj
 0001:0000d710       ??0?$Array@IVNamedAllocator@shdfnd@physx@@@shdfnd@physx@@QAE@ABVNamedAllocator@12@@Z 1000e710 f i CctCharacterController.obj
 0001:0000d760       ??0?$Array@VPxTriangle@physx@@VNamedAllocator@shdfnd@2@@shdfnd@physx@@QAE@ABVNamedAllocator@12@@Z 1000e760 f i CctCharacterController.obj
 0001:0000d7b0       ??0?$PxFlags@W4Enum@PxControllerCollisionFlag@physx@@E@physx@@QAE@ABV01@@Z 1000e7b0 f i CctCharacterController.obj
 0001:0000d7d0       ??0?$PxFlags@W4Enum@PxControllerCollisionFlag@physx@@E@physx@@QAE@E@Z 1000e7d0 f i CctCharacterController.obj
 0001:0000d7f0       ??0?$PxFlags@W4Enum@PxHitFlag@physx@@G@physx@@QAE@ABV01@@Z 1000e7f0 f i CctCharacterController.obj
 0001:0000d820       ??0?$PxFlags@W4Enum@PxHitFlag@physx@@G@physx@@QAE@G@Z 1000e820 f i CctCharacterController.obj
 0001:0000d840       ??0?$PxFlags@W4Enum@PxHitFlag@physx@@G@physx@@QAE@W4Enum@PxHitFlag@1@@Z 1000e840 f i CctCharacterController.obj
 0001:0000d860       ??0?$PxFlags@W4Enum@PxQueryFlag@physx@@G@physx@@QAE@ABV01@@Z 1000e860 f i CctCharacterController.obj
 0001:0000d890       ??0?$PxFlags@W4Enum@PxQueryFlag@physx@@G@physx@@QAE@W4Enum@PxQueryFlag@1@@Z 1000e890 f i CctCharacterController.obj
 0001:0000d8b0       ??0?$PxFlags@W4Enum@PxQueryFlag@physx@@G@physx@@QAE@XZ 1000e8b0 f i CctCharacterController.obj
 0001:0000d8d0       ??0?$PxFlags@W4Enum@PxShapeFlag@physx@@E@physx@@QAE@ABV01@@Z 1000e8d0 f i CctCharacterController.obj
 0001:0000d8f0       ??0?$PxHitBuffer@UPxRaycastHit@physx@@@physx@@QAE@PAUPxRaycastHit@1@I@Z 1000e8f0 f i CctCharacterController.obj
 0001:0000d930       ??0?$PxHitCallback@UPxRaycastHit@physx@@@physx@@QAE@PAUPxRaycastHit@1@I@Z 1000e930 f i CctCharacterController.obj
 0001:0000d9b0       ??0CCTFilter@Cct@physx@@QAE@XZ 1000e9b0 f i CctCharacterController.obj
 0001:0000da10       ??0ControllerFilter@@QAE@XZ 1000ea10 f i CctCharacterController.obj
 0001:0000da50       ??0DebugBox@Cm@physx@@QAE@ABVPxBounds3@2@_N@Z 1000ea50 f i CctCharacterController.obj
 0001:0000daa0       ??0DebugBox@Cm@physx@@QAE@ABVPxVec3@2@_N@Z 1000eaa0 f i CctCharacterController.obj
 0001:0000daf0       ??0Matrix34@Cm@physx@@QAE@XZ 1000eaf0 f i CctCharacterController.obj
 0001:0000db40       ??0PxActorShape@physx@@QAE@XZ 1000eb40 f i CctCharacterController.obj
 0001:0000db70       ??0PxBounds3@physx@@QAE@ABVPxVec3@1@0@Z 1000eb70 f i CctCharacterController.obj
 0001:0000dbb0       ??0PxBoxGeometry@physx@@QAE@VPxVec3@1@@Z 1000ebb0 f i CctCharacterController.obj
 0001:0000dbf0       ??0PxCapsuleGeometry@physx@@QAE@MM@Z 1000ebf0 f i CctCharacterController.obj
 0001:0000dc40       ??0PxExtendedBox@physx@@QAE@ABV01@@Z 1000ec40 f i CctCharacterController.obj
 0001:0000dcc0       ??0PxExtendedBox@physx@@QAE@XZ 1000ecc0 f i CctCharacterController.obj
 0001:0000dd00       ??0PxExtendedCapsule@physx@@QAE@XZ 1000ed00 f i CctCharacterController.obj
 0001:0000dd20       ??0PxExtendedSegment@physx@@QAE@XZ 1000ed20 f i CctCharacterController.obj
 0001:0000dd50       ??0PxFilterData@physx@@QAE@XZ 1000ed50 f i CctCharacterController.obj
 0001:0000dda0       ??0PxLocationHit@physx@@QAE@XZ 1000eda0 f i CctCharacterController.obj
 0001:0000de20       ??0PxMat33@physx@@QAE@ABVPxQuat@1@@Z 1000ee20 f i CctCharacterController.obj
 0001:0000e0a0       ??0PxMat33@physx@@QAE@W4PxIDENTITY@1@@Z 1000f0a0 f i CctCharacterController.obj
 0001:0000e160       ??0PxQuat@physx@@QAE@ABV01@@Z 1000f160 f i CctCharacterController.obj
 0001:0000e1b0       ??0PxQuat@physx@@QAE@MMMM@Z 1000f1b0 f i CctCharacterController.obj
 0001:0000e210       ??0PxQuat@physx@@QAE@W4PxIDENTITY@1@@Z 1000f210 f i CctCharacterController.obj
 0001:0000e270       ??0PxQuat@physx@@QAE@XZ    1000f270 f i CctCharacterController.obj
 0001:0000e290       ??0PxQueryFilterCallback@physx@@QAE@XZ 1000f290 f i CctCharacterController.obj
 0001:0000e2b0       ??0PxQueryFilterData@physx@@QAE@ABUPxFilterData@1@V?$PxFlags@W4Enum@PxQueryFlag@physx@@G@1@@Z 1000f2b0 f i CctCharacterController.obj
 0001:0000e310       ??0PxQueryHit@physx@@QAE@XZ 1000f310 f i CctCharacterController.obj
 0001:0000e340       ??0PxRaycastHit@physx@@QAE@XZ 1000f340 f i CctCharacterController.obj
 0001:0000e380       ??0PxSphereGeometry@physx@@QAE@XZ 1000f380 f i CctCharacterController.obj
 0001:0000e3b0       ??0PxSweepHit@physx@@QAE@XZ 1000f3b0 f i CctCharacterController.obj
 0001:0000e3d0       ??0PxTransform@physx@@QAE@ABVPxVec3@1@ABVPxQuat@1@@Z 1000f3d0 f i CctCharacterController.obj
 0001:0000e460       ??0PxTransform@physx@@QAE@XZ 1000f460 f i CctCharacterController.obj
 0001:0000e490       ??0PxVec3@physx@@QAE@M@Z   1000f490 f i CctCharacterController.obj
 0001:0000e4e0       ??0PxVec3@physx@@QAE@XZ    1000f4e0 f i CctCharacterController.obj
 0001:0000e500       ??0SIMDGuard@shdfnd@physx@@QAE@XZ 1000f500 f i CctCharacterController.obj
 0001:0000e530       ??0SweptContact@Cct@physx@@QAE@XZ 1000f530 f i CctCharacterController.obj
 0001:0000e560       ??1?$Array@IVNamedAllocator@shdfnd@physx@@@shdfnd@physx@@QAE@XZ 1000f560 f i CctCharacterController.obj
 0001:0000e5d0       ??1?$Array@VPxTriangle@physx@@VNamedAllocator@shdfnd@2@@shdfnd@physx@@QAE@XZ 1000f5d0 f i CctCharacterController.obj
 0001:0000e640       ??1?$PxHitBuffer@UPxRaycastHit@physx@@@physx@@UAE@XZ 1000f640 f i CctCharacterController.obj
 0001:0000e670       ??1?$PxHitCallback@UPxRaycastHit@physx@@@physx@@UAE@XZ 1000f670 f i CctCharacterController.obj
 0001:0000e690       ??1ControllerFilter@@UAE@XZ 1000f690 f i CctCharacterController.obj
 0001:0000e6b0       ??1PxExtendedBox@physx@@QAE@XZ 1000f6b0 f i CctCharacterController.obj
 0001:0000e6c0       ??1PxQueryFilterCallback@physx@@UAE@XZ 1000f6c0 f i CctCharacterController.obj
 0001:0000e6e0       ??1PxTriangle@physx@@QAE@XZ 1000f6e0 f i CctCharacterController.obj
 0001:0000e6f0       ??1SIMDGuard@shdfnd@physx@@QAE@XZ 1000f6f0 f i CctCharacterController.obj
 0001:0000e720       ??2@YAPAXIPAX@Z            1000f720 f i CctCharacterController.obj
 0001:0000e730       ??4?$PxFlags@W4Enum@PxControllerCollisionFlag@physx@@E@physx@@QAEAAV01@ABV01@@Z 1000f730 f i CctCharacterController.obj
 0001:0000e750       ??4?$PxFlags@W4Enum@PxHitFlag@physx@@G@physx@@QAEAAV01@ABV01@@Z 1000f750 f i CctCharacterController.obj
 0001:0000e780       ??4?$PxFlags@W4Enum@PxQueryFlag@physx@@G@physx@@QAEAAV01@ABV01@@Z 1000f780 f i CctCharacterController.obj
 0001:0000e7b0       ??4CCTParams@Cct@physx@@QAEAAU012@ABU012@@Z 1000f7b0 f i CctCharacterController.obj
 0001:0000e8b0       ??4PxExtendedBox@physx@@QAEAAV01@ABV01@@Z 1000f8b0 f i CctCharacterController.obj
 0001:0000e930       ??4PxLocationHit@physx@@QAEAAU01@ABU01@@Z 1000f930 f i CctCharacterController.obj
 0001:0000e9c0       ??4PxRaycastHit@physx@@QAEAAU01@ABU01@@Z 1000f9c0 f i CctCharacterController.obj
 0001:0000ea40       ??4PxTransform@physx@@QAEAAV01@$$QAV01@@Z 1000fa40 f i CctCharacterController.obj
 0001:0000ea80       ??4SweptContact@Cct@physx@@QAEAAU012@ABU012@@Z 1000fa80 f i CctCharacterController.obj
 0001:0000eb20       ??A?$Array@IVNamedAllocator@shdfnd@physx@@@shdfnd@physx@@QBEABII@Z 1000fb20 f i CctCharacterController.obj
 0001:0000eb90       ??A?$Array@UInternalBoxObstacle@ObstacleContext@Cct@physx@@VNamedAllocator@shdfnd@4@@shdfnd@physx@@QBEABUInternalBoxObstacle@ObstacleContext@Cct@2@I@Z 1000fb90 f i CctCharacterController.obj
 0001:0000ec00       ??A?$Array@UInternalCapsuleObstacle@ObstacleContext@Cct@physx@@VNamedAllocator@shdfnd@4@@shdfnd@physx@@QBEABUInternalCapsuleObstacle@ObstacleContext@Cct@2@I@Z 1000fc00 f i CctCharacterController.obj
 0001:0000ec70       ??A?$Array@VPxTriangle@physx@@VNamedAllocator@shdfnd@2@@shdfnd@physx@@QAEAAVPxTriangle@2@I@Z 1000fc70 f i CctCharacterController.obj
 0001:0000ece0       ??A?$Array@VPxTriangle@physx@@VNamedAllocator@shdfnd@2@@shdfnd@physx@@QBEABVPxTriangle@2@I@Z 1000fce0 f i CctCharacterController.obj
 0001:0000ed50       ??B?$PxFlags@W4Enum@PxControllerBehaviorFlag@physx@@E@physx@@QBEIXZ 1000fd50 f i CctCharacterController.obj
 0001:0000ed70       ??B?$PxFlags@W4Enum@PxControllerDebugRenderFlag@physx@@I@physx@@QBEIXZ 1000fd70 f i CctCharacterController.obj
 0001:0000ed90       ??B?$PxFlags@W4Enum@PxQueryFlag@physx@@G@physx@@QBE_NXZ 1000fd90 f i CctCharacterController.obj
 0001:0000edc0       ??B?$PxFlags@W4Enum@PxShapeFlag@physx@@E@physx@@QBE_NXZ 1000fdc0 f i CctCharacterController.obj
 0001:0000edf0       ??DPxQuat@physx@@QBE?AV01@ABV01@@Z 1000fdf0 f i CctCharacterController.obj
 0001:0000efa0       ??DPxTransform@physx@@QBE?AV01@ABV01@@Z 1000ffa0 f i CctCharacterController.obj
 0001:0000f020       ??GPxVec3@physx@@QBE?AV01@ABV01@@Z 10010020 f i CctCharacterController.obj
 0001:0000f090       ??GPxVec3@physx@@QBE?AV01@XZ 10010090 f i CctCharacterController.obj
 0001:0000f100       ??HPxVec3@physx@@QBE?AV01@ABV01@@Z 10010100 f i CctCharacterController.obj
 0001:0000f170       ??I?$PxFlags@W4Enum@PxQueryFlag@physx@@G@physx@@QBE?AV01@W4Enum@PxQueryFlag@1@@Z 10010170 f i CctCharacterController.obj
 0001:0000f1c0       ??I?$PxFlags@W4Enum@PxShapeFlag@physx@@E@physx@@QBE?AV01@W4Enum@PxShapeFlag@1@@Z 100101c0 f i CctCharacterController.obj
 0001:0000f210       ??R?$Hash@PAVPxShape@physx@@@shdfnd@physx@@QBEIABQAVPxShape@2@@Z 10010210 f i CctCharacterController.obj
 0001:0000f240       ??R?$Hash@PAVPxShape@physx@@@shdfnd@physx@@QBE_NABQAVPxShape@2@0@Z 10010240 f i CctCharacterController.obj
 0001:0000f280       ??RGetKey@?$HashSetBase@PAVPxShape@physx@@U?$Hash@PAVPxShape@physx@@@shdfnd@2@VAllocator@42@$0A@@internal@shdfnd@physx@@QAEABQAVPxShape@4@ABQAV54@@Z 10010280 f i CctCharacterController.obj
 0001:0000f2a0       ??U?$PxFlags@W4Enum@PxHitFlag@physx@@G@physx@@QBE?AV01@W4Enum@PxHitFlag@1@@Z 100102a0 f i CctCharacterController.obj
 0001:0000f2f0       ??U?$PxFlags@W4Enum@PxQueryFlag@physx@@G@physx@@QBE?AV01@W4Enum@PxQueryFlag@1@@Z 100102f0 f i CctCharacterController.obj
 0001:0000f340       ??Uphysx@@YA?AV?$PxFlags@W4Enum@PxHitFlag@physx@@G@0@W4Enum@PxHitFlag@0@0@Z 10010340 f i CctCharacterController.obj
 0001:0000f380       ??Uphysx@@YA?AV?$PxFlags@W4Enum@PxQueryFlag@physx@@G@0@W4Enum@PxQueryFlag@0@0@Z 10010380 f i CctCharacterController.obj
 0001:0000f3c0       ??YPxVec3@physx@@QAEAAV01@ABV01@@Z 100103c0 f i CctCharacterController.obj
 0001:0000f430       ??ZPxVec3@physx@@QAEAAV01@ABV01@@Z 10010430 f i CctCharacterController.obj
 0001:0000f4a0       ??_0PxVec3@physx@@QAEAAV01@M@Z 100104a0 f i CctCharacterController.obj
 0001:0000f520       ??_5?$PxFlags@W4Enum@PxControllerCollisionFlag@physx@@E@physx@@QAEAAV01@W4Enum@PxControllerCollisionFlag@1@@Z 10010520 f i CctCharacterController.obj
 0001:0000f550       ??_5?$PxFlags@W4Enum@PxHitFlag@physx@@G@physx@@QAEAAV01@W4Enum@PxHitFlag@1@@Z 10010550 f i CctCharacterController.obj
 0001:0000f580       ??_5?$PxFlags@W4Enum@PxQueryFlag@physx@@G@physx@@QAEAAV01@W4Enum@PxQueryFlag@1@@Z 10010580 f i CctCharacterController.obj
 0001:0000f5b0       ??_E?$PxHitBuffer@UPxRaycastHit@physx@@@physx@@UAEPAXI@Z 100105b0 f i CctCharacterController.obj
 0001:0000f5b0       ??_G?$PxHitBuffer@UPxRaycastHit@physx@@@physx@@UAEPAXI@Z 100105b0 f i CctCharacterController.obj
 0001:0000f5f0       ??_E?$PxHitCallback@UPxRaycastHit@physx@@@physx@@UAEPAXI@Z 100105f0 f i CctCharacterController.obj
 0001:0000f5f0       ??_G?$PxHitCallback@UPxRaycastHit@physx@@@physx@@UAEPAXI@Z 100105f0 f i CctCharacterController.obj
 0001:0000f630       ??_GControllerFilter@@UAEPAXI@Z 10010630 f i CctCharacterController.obj
 0001:0000f630       ??_EControllerFilter@@UAEPAXI@Z 10010630 f i CctCharacterController.obj
 0001:0000f670       ??_GPxExtendedBox@physx@@QAEPAXI@Z 10010670 f i CctCharacterController.obj
 0001:0000f6b0       ??_EPxQueryFilterCallback@physx@@UAEPAXI@Z 100106b0 f i CctCharacterController.obj
 0001:0000f6b0       ??_GPxQueryFilterCallback@physx@@UAEPAXI@Z 100106b0 f i CctCharacterController.obj
 0001:0000f6f0       ??_GPxTriangle@physx@@QAEPAXI@Z 100106f0 f i CctCharacterController.obj
 0001:0000f730       ?FLoad@aos@shdfnd@physx@@YA?AT__m128@@M@Z 10010730 f i CctCharacterController.obj
 0001:0000f770       ?PxAbs@physx@@YAMM@Z       10010770 f i CctCharacterController.obj
 0001:0000f790       ?PxIsFinite@physx@@YA_NM@Z 10010790 f i CctCharacterController.obj
 0001:0000f7b0       ?PxRecipSqrt@physx@@YAMM@Z 100107b0 f i CctCharacterController.obj
 0001:0000f7d0       ?PxSqrt@physx@@YAMM@Z      100107d0 f i CctCharacterController.obj
 0001:0000f7f0       ?PxSqrt@physx@@YANN@Z      100107f0 f i CctCharacterController.obj
 0001:0000f810       ?V3Load@aos@shdfnd@physx@@YA?AT__m128@@M@Z 10010810 f i CctCharacterController.obj
 0001:0000f870       ?V4Load@aos@shdfnd@physx@@YA?AT__m128@@M@Z 10010870 f i CctCharacterController.obj
 0001:0000f8b0       ?abs@intrinsics@physx@@YAMM@Z 100108b0 f i CctCharacterController.obj
 0001:0000f8d0       ?add@physx@@YAXAAUPxExtendedBounds3@1@ABU21@@Z 100108d0 f i CctCharacterController.obj
 0001:0000f900       ?allocate@?$Array@IVNamedAllocator@shdfnd@physx@@@shdfnd@physx@@IAEPAII@Z 10010900 f i CctCharacterController.obj
 0001:0000f980       ?allocate@?$Array@PBXVNamedAllocator@shdfnd@physx@@@shdfnd@physx@@IAEPAPBXI@Z 10010980 f i CctCharacterController.obj
 0001:0000fa00       ?allocate@?$Array@UPxExtendedCapsule@physx@@VNamedAllocator@shdfnd@2@@shdfnd@physx@@IAEPAUPxExtendedCapsule@3@I@Z 10010a00 f i CctCharacterController.obj
 0001:0000fa80       ?allocate@?$Array@VPxExtendedBox@physx@@VNamedAllocator@shdfnd@2@@shdfnd@physx@@IAEPAVPxExtendedBox@3@I@Z 10010a80 f i CctCharacterController.obj
 0001:0000fb00       ?any@PxGeometryHolder@physx@@QBEABVPxGeometry@2@XZ 10010b00 f i CctCharacterController.obj
 0001:0000fb20       ?begin@?$Array@IVNamedAllocator@shdfnd@physx@@@shdfnd@physx@@QAEPAIXZ 10010b20 f i CctCharacterController.obj
 0001:0000fb40       ?begin@?$Array@IVNamedAllocator@shdfnd@physx@@@shdfnd@physx@@QBEPBIXZ 10010b40 f i CctCharacterController.obj
 0001:0000fb60       ?begin@?$Array@PBXVNamedAllocator@shdfnd@physx@@@shdfnd@physx@@QAEPAPBXXZ 10010b60 f i CctCharacterController.obj
 0001:0000fb80       ?begin@?$Array@UPxExtendedCapsule@physx@@VNamedAllocator@shdfnd@2@@shdfnd@physx@@QAEPAUPxExtendedCapsule@3@XZ 10010b80 f i CctCharacterController.obj
 0001:0000fba0       ?begin@?$Array@VPxExtendedBox@physx@@VNamedAllocator@shdfnd@2@@shdfnd@physx@@QAEPAVPxExtendedBox@3@XZ 10010ba0 f i CctCharacterController.obj
 0001:0000fbc0       ?capacity@?$Array@IVNamedAllocator@shdfnd@physx@@@shdfnd@physx@@QBEIXZ 10010bc0 f i CctCharacterController.obj
 0001:0000fbe0       ?capacity@?$Array@PBXVNamedAllocator@shdfnd@physx@@@shdfnd@physx@@QBEIXZ 10010be0 f i CctCharacterController.obj
 0001:0000fc00       ?capacity@?$Array@UPxExtendedCapsule@physx@@VNamedAllocator@shdfnd@2@@shdfnd@physx@@QBEIXZ 10010c00 f i CctCharacterController.obj
 0001:0000fc20       ?capacity@?$Array@VPxExtendedBox@physx@@VNamedAllocator@shdfnd@2@@shdfnd@physx@@QBEIXZ 10010c20 f i CctCharacterController.obj
 0001:0000fc40       ?capacity@?$Array@VPxTriangle@physx@@VNamedAllocator@shdfnd@2@@shdfnd@physx@@QBEIXZ 10010c40 f i CctCharacterController.obj
 0001:0000fc60       ?capacityIncrement@?$Array@PBXVNamedAllocator@shdfnd@physx@@@shdfnd@physx@@IBEIXZ 10010c60 f i CctCharacterController.obj
 0001:0000fca0       ?capacityIncrement@?$Array@UPxExtendedCapsule@physx@@VNamedAllocator@shdfnd@2@@shdfnd@physx@@IBEIXZ 10010ca0 f i CctCharacterController.obj
 0001:0000fce0       ?capacityIncrement@?$Array@VPxExtendedBox@physx@@VNamedAllocator@shdfnd@2@@shdfnd@physx@@IBEIXZ 10010ce0 f i CctCharacterController.obj
 0001:0000fd20       ?clear@?$Array@IVNamedAllocator@shdfnd@physx@@@shdfnd@physx@@QAEXXZ 10010d20 f i CctCharacterController.obj
 0001:0000fd60       ?clear@?$Array@VPxTriangle@physx@@VNamedAllocator@shdfnd@2@@shdfnd@physx@@QAEXXZ 10010d60 f i CctCharacterController.obj
 0001:0000fda0       ?contains@?$HashSetBase@PAVPxShape@physx@@U?$Hash@PAVPxShape@physx@@@shdfnd@2@VAllocator@42@$0A@@internal@shdfnd@physx@@QBE_NABQAVPxShape@4@@Z 10010da0 f i CctCharacterController.obj
 0001:0000fde0       ?copy@?$Array@IVNamedAllocator@shdfnd@physx@@@shdfnd@physx@@KAXPAI0PBI@Z 10010de0 f i CctCharacterController.obj
 0001:0000fe50       ?copy@?$Array@PBXVNamedAllocator@shdfnd@physx@@@shdfnd@physx@@KAXPAPBX0PBQBX@Z 10010e50 f i CctCharacterController.obj
 0001:0000fec0       ?copy@?$Array@UPxExtendedCapsule@physx@@VNamedAllocator@shdfnd@2@@shdfnd@physx@@KAXPAUPxExtendedCapsule@3@0PBU43@@Z 10010ec0 f i CctCharacterController.obj
 0001:0000ff40       ?copy@?$Array@VPxExtendedBox@physx@@VNamedAllocator@shdfnd@2@@shdfnd@physx@@KAXPAVPxExtendedBox@3@0PBV43@@Z 10010f40 f i CctCharacterController.obj
 0001:0000ffb0       ?cross@PxVec3@physx@@QBE?AV12@ABV12@@Z 10010fb0 f i CctCharacterController.obj
 0001:00010070       ?deallocate@?$Array@IVNamedAllocator@shdfnd@physx@@@shdfnd@physx@@IAEXPAX@Z 10011070 f i CctCharacterController.obj
 0001:00010090       ?deallocate@?$Array@PBXVNamedAllocator@shdfnd@physx@@@shdfnd@physx@@IAEXPAX@Z 10011090 f i CctCharacterController.obj
 0001:000100b0       ?deallocate@?$Array@UPxExtendedCapsule@physx@@VNamedAllocator@shdfnd@2@@shdfnd@physx@@IAEXPAX@Z 100110b0 f i CctCharacterController.obj
 0001:000100d0       ?deallocate@?$Array@VPxExtendedBox@physx@@VNamedAllocator@shdfnd@2@@shdfnd@physx@@IAEXPAX@Z 100110d0 f i CctCharacterController.obj
 0001:000100f0       ?deallocate@?$Array@VPxTriangle@physx@@VNamedAllocator@shdfnd@2@@shdfnd@physx@@IAEXPAX@Z 100110f0 f i CctCharacterController.obj
 0001:00010110       ?decomposeVector@shdfnd@physx@@YAXAAVPxVec3@2@0ABV32@1@Z 10011110 f i CctCharacterController.obj
 0001:00010180       ?destroy@?$Array@IVNamedAllocator@shdfnd@physx@@@shdfnd@physx@@KAXPAI0@Z 10011180 f i CctCharacterController.obj
 0001:000101a0       ?destroy@?$Array@PBXVNamedAllocator@shdfnd@physx@@@shdfnd@physx@@KAXPAPBX0@Z 100111a0 f i CctCharacterController.obj
 0001:000101c0       ?destroy@?$Array@UPxExtendedCapsule@physx@@VNamedAllocator@shdfnd@2@@shdfnd@physx@@KAXPAUPxExtendedCapsule@3@0@Z 100111c0 f i CctCharacterController.obj
 0001:000101e0       ?destroy@?$Array@VPxExtendedBox@physx@@VNamedAllocator@shdfnd@2@@shdfnd@physx@@KAXPAVPxExtendedBox@3@0@Z 100111e0 f i CctCharacterController.obj
 0001:00010210       ?destroy@?$Array@VPxTriangle@physx@@VNamedAllocator@shdfnd@2@@shdfnd@physx@@KAXPAVPxTriangle@3@0@Z 10011210 f i CctCharacterController.obj
 0001:00010240       ?distance@physx@@YANABUPxExtendedVec3@1@0@Z 10011240 f i CctCharacterController.obj
 0001:000102e0       ?dot@PxVec3@physx@@QBEMABV12@@Z 100112e0 f i CctCharacterController.obj
 0001:00010340       ?encodeUserObject@Cct@physx@@YAIIW4UserObjectType@12@@Z 10011340 f i CctCharacterController.obj
 0001:000103f0       ?end@?$Array@IVNamedAllocator@shdfnd@physx@@@shdfnd@physx@@QAEPAIXZ 100113f0 f i CctCharacterController.obj
 0001:00010410       ?end@?$Array@IVNamedAllocator@shdfnd@physx@@@shdfnd@physx@@QBEPBIXZ 10011410 f i CctCharacterController.obj
 0001:00010430       ?finalizeQuery@?$PxHitCallback@UPxRaycastHit@physx@@@physx@@UAEXXZ 10011430 f i CctCharacterController.obj
 0001:00010440       ?find@?$HashBase@PAVPxShape@physx@@PAV12@U?$Hash@PAVPxShape@physx@@@shdfnd@2@UGetKey@?$HashSetBase@PAVPxShape@physx@@U?$Hash@PAVPxShape@physx@@@shdfnd@2@VAllocator@42@$0A@@internal@42@VAllocator@42@$0A@@internal@shdfnd@physx@@QBEPBQAVPxShape@4@ABQAV54@@Z 10011440 f i CctCharacterController.obj
 0001:00010510       ?forceSize_Unsafe@?$Array@IVNamedAllocator@shdfnd@physx@@@shdfnd@physx@@QAEXI@Z 10011510 f i CctCharacterController.obj
 0001:00010580       ?forceSize_Unsafe@?$Array@VPxTriangle@physx@@VNamedAllocator@shdfnd@2@@shdfnd@physx@@QAEXI@Z 10011580 f i CctCharacterController.obj
 0001:000105f0       ?getAnyHit@?$PxHitBuffer@UPxRaycastHit@physx@@@physx@@QBEABUPxRaycastHit@2@I@Z 100115f0 f i CctCharacterController.obj
 0001:000106b0       ?getBasisVector0@PxQuat@physx@@QBE?AVPxVec3@2@XZ 100116b0 f i CctCharacterController.obj
 0001:000107a0       ?getCenter@PxBounds3@physx@@QBE?AVPxVec3@2@XZ 100117a0 f i CctCharacterController.obj
 0001:00010850       ?getConcreteType@PxBase@physx@@QBEGXZ 10011850 f i CctCharacterController.obj
 0001:00010870       ?getDimensions@PxBounds3@physx@@QBE?AVPxVec3@2@XZ 10011870 f i CctCharacterController.obj
 0001:00010900       ?getExtents@PxBounds3@physx@@QBE?AVPxVec3@2@XZ 10011900 f i CctCharacterController.obj
 0001:000109a0       ?getGlobalPose@PxShapeExt@physx@@SA?AVPxTransform@2@ABVPxShape@2@ABVPxRigidActor@2@@Z 100119a0 f i CctCharacterController.obj
 0001:000109f0       ?getNbTouches@?$PxHitBuffer@UPxRaycastHit@physx@@@physx@@QBEIXZ 100119f0 f i CctCharacterController.obj
 0001:00010a10       ?getNormalized@PxVec3@physx@@QBE?AV12@XZ 10011a10 f i CctCharacterController.obj
 0001:00010ac0       ?getShapeGlobalPose@physx@@YA?AVPxTransform@1@ABVPxShape@1@ABVPxRigidActor@1@@Z 10011ac0 f i CctCharacterController.obj
 0001:00010af0       ?getTouches@?$PxHitBuffer@UPxRaycastHit@physx@@@physx@@QBEPBUPxRaycastHit@2@XZ 10011af0 f i CctCharacterController.obj
 0001:00010b10       ?getType@SweptVolume@Cct@physx@@QBE?AW4Enum@SweptVolumeType@23@XZ 10011b10 f i CctCharacterController.obj
 0001:00010b30       ?grow@?$Array@IVNamedAllocator@shdfnd@physx@@@shdfnd@physx@@IAEXI@Z 10011b30 f i CctCharacterController.obj
 0001:00010bb0       ?growAndPushBack@?$Array@PBXVNamedAllocator@shdfnd@physx@@@shdfnd@physx@@IAEAAPBXABQBX@Z 10011bb0 f i CctCharacterController.obj
 0001:00010d40       ?growAndPushBack@?$Array@UPxExtendedCapsule@physx@@VNamedAllocator@shdfnd@2@@shdfnd@physx@@IAEAAUPxExtendedCapsule@3@ABU43@@Z 10011d40 f i CctCharacterController.obj
 0001:00010ed0       ?growAndPushBack@?$Array@VPxExtendedBox@physx@@VNamedAllocator@shdfnd@2@@shdfnd@physx@@IAEAAVPxExtendedBox@3@ABV43@@Z 10011ed0 f i CctCharacterController.obj
 0001:00011050       ?hash@?$HashBase@PAVPxShape@physx@@PAV12@U?$Hash@PAVPxShape@physx@@@shdfnd@2@UGetKey@?$HashSetBase@PAVPxShape@physx@@U?$Hash@PAVPxShape@physx@@@shdfnd@2@VAllocator@42@$0A@@internal@42@VAllocator@42@$0A@@internal@shdfnd@physx@@ABEIABQAVPxShape@4@@Z 10012050 f i CctCharacterController.obj
 0001:00011080       ?hash@?$HashBase@PAVPxShape@physx@@PAV12@U?$Hash@PAVPxShape@physx@@@shdfnd@2@UGetKey@?$HashSetBase@PAVPxShape@physx@@U?$Hash@PAVPxShape@physx@@@shdfnd@2@VAllocator@42@$0A@@internal@42@VAllocator@42@$0A@@internal@shdfnd@physx@@ABEIABQAVPxShape@4@I@Z 10012080 f i CctCharacterController.obj
 0001:000110b0       ?hash@shdfnd@physx@@YAII@Z 100120b0 f i CctCharacterController.obj
 0001:00011130       ?hash@shdfnd@physx@@YAIPBX@Z 10012130 f i CctCharacterController.obj
 0001:00011150       ?intersectOBBAABB@Gu@physx@@YA_NABVBox@12@ABVPxBounds3@2@@Z 10012150 f i CctCharacterController.obj
 0001:000111c0       ?isAlmostZero@shdfnd@physx@@YA_NABVPxVec3@2@@Z 100121c0 f i CctCharacterController.obj
 0001:00011270       ?isFinite@PxBounds3@physx@@QBE_NXZ 10012270 f i CctCharacterController.obj
 0001:000112d0       ?isFinite@PxQuat@physx@@QBE_NXZ 100122d0 f i CctCharacterController.obj
 0001:00011390       ?isFinite@PxTransform@physx@@QBE_NXZ 10012390 f i CctCharacterController.obj
 0001:000113f0       ?isFinite@PxVec3@physx@@QBE_NXZ 100123f0 f i CctCharacterController.obj
 0001:00011490       ?isFinite@intrinsics@physx@@YA_NM@Z 10012490 f i CctCharacterController.obj
 0001:000114e0       ?isInUserMemory@?$Array@IVNamedAllocator@shdfnd@physx@@@shdfnd@physx@@QBEIXZ 100124e0 f i CctCharacterController.obj
 0001:00011500       ?isInUserMemory@?$Array@PBXVNamedAllocator@shdfnd@physx@@@shdfnd@physx@@QBEIXZ 10012500 f i CctCharacterController.obj
 0001:00011520       ?isInUserMemory@?$Array@UPxExtendedCapsule@physx@@VNamedAllocator@shdfnd@2@@shdfnd@physx@@QBEIXZ 10012520 f i CctCharacterController.obj
 0001:00011540       ?isInUserMemory@?$Array@VPxExtendedBox@physx@@VNamedAllocator@shdfnd@2@@shdfnd@physx@@QBEIXZ 10012540 f i CctCharacterController.obj
 0001:00011560       ?isInUserMemory@?$Array@VPxTriangle@physx@@VNamedAllocator@shdfnd@2@@shdfnd@physx@@QBEIXZ 10012560 f i CctCharacterController.obj
 0001:00011580       ?isInside@PxExtendedBounds3@physx@@QBE_NABU12@@Z 10012580 f i CctCharacterController.obj
 0001:00011640       ?isSane@PxQuat@physx@@QBE_NXZ 10012640 f i CctCharacterController.obj
 0001:000116d0       ?isSane@PxTransform@physx@@QBE_NXZ 100126d0 f i CctCharacterController.obj
 0001:00011720       ?isValid@PxBounds3@physx@@QBE_NXZ 10012720 f i CctCharacterController.obj
 0001:00011840       ?isZero@PxVec3@physx@@QBE_NXZ 10012840 f i CctCharacterController.obj
 0001:000118c0       ?magnitude@PxQuat@physx@@QBEMXZ 100128c0 f i CctCharacterController.obj
 0001:000118f0       ?magnitude@PxVec3@physx@@QBEMXZ 100128f0 f i CctCharacterController.obj
 0001:00011920       ?magnitudeSquared@PxQuat@physx@@QBEMXZ 10012920 f i CctCharacterController.obj
 0001:000119a0       ?magnitudeSquared@PxVec3@physx@@QBEMXZ 100129a0 f i CctCharacterController.obj
 0001:00011a00       ?maximum@PxExtendedVec3@physx@@QAEXABU12@@Z 10012a00 f i CctCharacterController.obj
 0001:00011a90       ?minimum@PxExtendedVec3@physx@@QAEXABU12@@Z 10012a90 f i CctCharacterController.obj
 0001:00011b20       ?normal@PxTriangle@physx@@QBEXAAVPxVec3@2@@Z 10012b20 f i CctCharacterController.obj
 0001:00011bb0       ?normalize@PxVec3@physx@@QAEMXZ 10012bb0 f i CctCharacterController.obj
 0001:00011c00       ?postFilter@ControllerFilter@@UAE?AW4Enum@PxQueryHitType@physx@@ABUPxFilterData@4@ABUPxQueryHit@4@@Z 10012c00 f i CctCharacterController.obj
 0001:00011cc0       ?preFilter@ControllerFilter@@UAE?AW4Enum@PxQueryHitType@physx@@ABUPxFilterData@4@PBVPxShape@4@PBVPxRigidActor@4@AAV?$PxFlags@W4Enum@PxHitFlag@physx@@G@4@@Z 10012cc0 f i CctCharacterController.obj
 0001:00011da0       ?processTouches@?$PxHitBuffer@UPxRaycastHit@physx@@@physx@@MAE_NPBUPxRaycastHit@2@I@Z 10012da0 f i CctCharacterController.obj
 0001:00011dd0       ?pushBack@?$Array@PBXVNamedAllocator@shdfnd@physx@@@shdfnd@physx@@QAEAAPBXABQBX@Z 10012dd0 f i CctCharacterController.obj
 0001:00011e80       ?pushBack@?$Array@UPxExtendedCapsule@physx@@VNamedAllocator@shdfnd@2@@shdfnd@physx@@QAEAAUPxExtendedCapsule@3@ABU43@@Z 10012e80 f i CctCharacterController.obj
 0001:00011f40       ?pushBack@?$Array@VPxExtendedBox@physx@@VNamedAllocator@shdfnd@2@@shdfnd@physx@@QAEAAVPxExtendedBox@3@ABV43@@Z 10012f40 f i CctCharacterController.obj
 0001:00011ff0       ?recipSqrt@intrinsics@physx@@YAMM@Z 10012ff0 f i CctCharacterController.obj
 0001:00012040       ?recreate@?$Array@IVNamedAllocator@shdfnd@physx@@@shdfnd@physx@@IAEXI@Z 10013040 f i CctCharacterController.obj
 0001:00012150       ?reserve@?$Array@IVNamedAllocator@shdfnd@physx@@@shdfnd@physx@@QAEXI@Z 10013150 f i CctCharacterController.obj
 0001:00012180       ?resetStats@SweepTest@Cct@physx@@QAEXXZ 10013180 f i CctCharacterController.obj
 0001:000121d0       ?resizeUninitialized@?$Array@IVNamedAllocator@shdfnd@physx@@@shdfnd@physx@@QAEXI@Z 100131d0 f i CctCharacterController.obj
 0001:00012200       ?rotate@PxQuat@physx@@QBE?BVPxVec3@2@ABV32@@Z 10013200 f i CctCharacterController.obj
 0001:000123f0       ?rotateInv@PxQuat@physx@@QBE?BVPxVec3@2@ABV32@@Z 100133f0 f i CctCharacterController.obj
 0001:000125e0       ?selectMax@intrinsics@physx@@YAMMM@Z 100135e0 f i CctCharacterController.obj
 0001:00012620       ?selectMin@intrinsics@physx@@YAMMM@Z 10013620 f i CctCharacterController.obj
 0001:00012660       ?set@PxExtendedBounds3@physx@@QAEXNNNNNN@Z 10013660 f i CctCharacterController.obj
 0001:000126f0       ?set@PxExtendedVec3@physx@@QAEXNNN@Z 100136f0 f i CctCharacterController.obj
 0001:00012730       ?setEmpty@PxExtendedBounds3@physx@@QAEXXZ 10013730 f i CctCharacterController.obj
 0001:000127c0       ?setWorldPos@SweptContact@Cct@physx@@QAEXABVPxVec3@3@ABUPxExtendedVec3@3@@Z 100137c0 f i CctCharacterController.obj
 0001:00012830       ?size@?$Array@IVNamedAllocator@shdfnd@physx@@@shdfnd@physx@@QBEIXZ 10013830 f i CctCharacterController.obj
 0001:00012850       ?size@?$Array@PBXVNamedAllocator@shdfnd@physx@@@shdfnd@physx@@QBEIXZ 10013850 f i CctCharacterController.obj
 0001:00012870       ?size@?$Array@UInternalBoxObstacle@ObstacleContext@Cct@physx@@VNamedAllocator@shdfnd@4@@shdfnd@physx@@QBEIXZ 10013870 f i CctCharacterController.obj
 0001:00012890       ?size@?$Array@UInternalCapsuleObstacle@ObstacleContext@Cct@physx@@VNamedAllocator@shdfnd@4@@shdfnd@physx@@QBEIXZ 10013890 f i CctCharacterController.obj
 0001:000128b0       ?size@?$Array@UPxExtendedCapsule@physx@@VNamedAllocator@shdfnd@2@@shdfnd@physx@@QBEIXZ 100138b0 f i CctCharacterController.obj
 0001:000128d0       ?size@?$Array@VPxExtendedBox@physx@@VNamedAllocator@shdfnd@2@@shdfnd@physx@@QBEIXZ 100138d0 f i CctCharacterController.obj
 0001:000128f0       ?size@?$Array@VPxTriangle@physx@@VNamedAllocator@shdfnd@2@@shdfnd@physx@@QBEIXZ 100138f0 f i CctCharacterController.obj
 0001:00012910       ?sqrt@intrinsics@physx@@YAMM@Z 10013910 f i CctCharacterController.obj
 0001:00012930       ?testSlope@physx@@YA_NABVPxVec3@1@0M@Z 10013930 f i CctCharacterController.obj
 0001:00012990       ?toVec3@physx@@YA?AVPxVec3@1@ABUPxExtendedVec3@1@@Z 10013990 f i CctCharacterController.obj
 0001:000129e0       ?transform@PxTransform@physx@@QBE?AV12@ABV12@@Z 100139e0 f i CctCharacterController.obj
 0001:00012af0       ?transform@PxTransform@physx@@QBE?AVPxVec3@2@ABV32@@Z 10013af0 f i CctCharacterController.obj
 0001:00012b90       ?transformInv@PxTransform@physx@@QBE?AVPxVec3@2@ABV32@@Z 10013b90 f i CctCharacterController.obj
 0001:00012c20       _fabsf                     10013c20 f i CctCharacterController.obj
 0001:00012c50       _sqrtf                     10013c50 f i CctCharacterController.obj
 0001:00012cd0       ?getSceneTimestamp@Cct@physx@@YAIPBUInternalCBData_FindTouchedGeom@12@@Z 10013cd0 f   CctCharacterControllerCallbacks.obj
 0001:00012d40       ?findTouchedGeometry@Cct@physx@@YAXPBUInternalCBData_FindTouchedGeom@12@ABUPxExtendedBounds3@2@AAV?$Array@VPxTriangle@physx@@VNamedAllocator@shdfnd@2@@shdfnd@2@AAV?$Array@IVNamedAllocator@shdfnd@physx@@@62@3ABVCCTFilter@12@ABUCCTParams@12@AAG@Z 10013d40 f   CctCharacterControllerCallbacks.obj
 0001:000131d0       ?shapeHitCallback@Cct@physx@@YAIPBUInternalCBData_OnHit@12@ABUSweptContact@12@ABVPxVec3@2@M@Z 100141d0 f   CctCharacterControllerCallbacks.obj
 0001:00013290       ?userHitCallback@Cct@physx@@YAIPBUInternalCBData_OnHit@12@ABUSweptContact@12@ABVPxVec3@2@M@Z 10014290 f   CctCharacterControllerCallbacks.obj
 0001:00016f90       ??$PX_UNUSED@PBUPxOverlapHit@physx@@@@YAXABQBUPxOverlapHit@physx@@@Z 10017f90 f i CctCharacterControllerCallbacks.obj
 0001:00016fa0       ??$reserve@VPxTriangle@physx@@VNamedAllocator@shdfnd@2@@Cct@physx@@YAPAVPxTriangle@1@AAV?$Array@VPxTriangle@physx@@VNamedAllocator@shdfnd@2@@shdfnd@1@I@Z 10017fa0 f i CctCharacterControllerCallbacks.obj
 0001:00016ff0       ??0?$PxFlags@W4Enum@PxMeshGeometryFlag@physx@@E@physx@@QAE@E@Z 10017ff0 f i CctCharacterControllerCallbacks.obj
 0001:00017010       ??0?$PxFlags@W4Enum@PxMeshGeometryFlag@physx@@E@physx@@QAE@XZ 10018010 f i CctCharacterControllerCallbacks.obj
 0001:00017030       ??0?$PxHitBuffer@UPxOverlapHit@physx@@@physx@@QAE@PAUPxOverlapHit@1@I@Z 10018030 f i CctCharacterControllerCallbacks.obj
 0001:00017070       ??0?$PxHitCallback@UPxOverlapHit@physx@@@physx@@QAE@PAUPxOverlapHit@1@I@Z 10018070 f i CctCharacterControllerCallbacks.obj
 0001:000170d0       ??0?$PxPadding@$02@physx@@QAE@XZ 100180d0 f i CctCharacterControllerCallbacks.obj
 0001:00017120       ??0PxControllerHit@physx@@QAE@XZ 10018120 f i CctCharacterControllerCallbacks.obj
 0001:00017160       ??0PxControllerObstacleHit@physx@@QAE@XZ 10018160 f i CctCharacterControllerCallbacks.obj
 0001:00017180       ??0PxControllerShapeHit@physx@@QAE@XZ 10018180 f i CctCharacterControllerCallbacks.obj
 0001:000171a0       ??0PxControllersHit@physx@@QAE@XZ 100181a0 f i CctCharacterControllerCallbacks.obj
 0001:000171c0       ??0PxConvexMeshGeometry@physx@@QAE@XZ 100181c0 f i CctCharacterControllerCallbacks.obj
 0001:00017210       ??0PxExtendedSphere@physx@@QAE@XZ 10018210 f i CctCharacterControllerCallbacks.obj
 0001:00017230       ??0PxHeightFieldGeometry@physx@@QAE@XZ 10018230 f i CctCharacterControllerCallbacks.obj
 0001:000172c0       ??0PxMat33@physx@@QAE@ABVPxVec3@1@00@Z 100182c0 f i CctCharacterControllerCallbacks.obj
 0001:00017310       ??0PxMat44@physx@@QAE@ABVPxMat33@1@ABVPxVec3@1@@Z 10018310 f i CctCharacterControllerCallbacks.obj
 0001:000173b0       ??0PxMeshScale@physx@@QAE@M@Z 100183b0 f i CctCharacterControllerCallbacks.obj
 0001:000173f0       ??0PxMeshScale@physx@@QAE@XZ 100183f0 f i CctCharacterControllerCallbacks.obj
 0001:00017430       ??0PxOverlapHit@physx@@QAE@XZ 10018430 f i CctCharacterControllerCallbacks.obj
 0001:00017450       ??0PxPlane@physx@@QAE@ABVPxVec3@1@M@Z 10018450 f i CctCharacterControllerCallbacks.obj
 0001:00017490       ??0PxPlane@physx@@QAE@MMMM@Z 10018490 f i CctCharacterControllerCallbacks.obj
 0001:000174f0       ??0PxQueryFilterData@physx@@QAE@$$QAU01@@Z 100184f0 f i CctCharacterControllerCallbacks.obj
 0001:00017550       ??0PxQueryFilterData@physx@@QAE@V?$PxFlags@W4Enum@PxQueryFlag@physx@@G@1@@Z 10018550 f i CctCharacterControllerCallbacks.obj
 0001:00017590       ??0PxTransform@physx@@QAE@ABVPxVec3@1@@Z 10018590 f i CctCharacterControllerCallbacks.obj
 0001:000175d0       ??0PxTriangle@physx@@QAE@ABV01@@Z 100185d0 f i CctCharacterControllerCallbacks.obj
 0001:00017670       ??0PxTriangle@physx@@QAE@ABVPxVec3@1@00@Z 10018670 f i CctCharacterControllerCallbacks.obj
 0001:000176f0       ??0PxTriangle@physx@@QAE@XZ 100186f0 f i CctCharacterControllerCallbacks.obj
 0001:00017720       ??0PxTriangleMeshGeometry@physx@@QAE@XZ 10018720 f i CctCharacterControllerCallbacks.obj
 0001:00017780       ??0PxVec4@physx@@QAE@ABVPxVec3@1@M@Z 10018780 f i CctCharacterControllerCallbacks.obj
 0001:000177d0       ??0PxVec4@physx@@QAE@MMMM@Z 100187d0 f i CctCharacterControllerCallbacks.obj
 0001:00017830       ??0TessParams@@QAE@XZ      10018830 f i CctCharacterControllerCallbacks.obj
 0001:00017860       ??1?$PxHitBuffer@UPxOverlapHit@physx@@@physx@@UAE@XZ 10018860 f i CctCharacterControllerCallbacks.obj
 0001:00017890       ??1?$PxHitCallback@UPxOverlapHit@physx@@@physx@@UAE@XZ 10018890 f i CctCharacterControllerCallbacks.obj
 0001:000178b0       ??1PxExtendedSphere@physx@@QAE@XZ 100188b0 f i CctCharacterControllerCallbacks.obj
 0001:000178c0       ??APxVec3@physx@@QBEABMH@Z 100188c0 f i CctCharacterControllerCallbacks.obj
 0001:00017930       ??DPxMat33@physx@@QBE?AV01@ABV01@@Z 10018930 f i CctCharacterControllerCallbacks.obj
 0001:000179a0       ??DPxVec4@physx@@QBE?AV01@M@Z 100189a0 f i CctCharacterControllerCallbacks.obj
 0001:00017a20       ??HPxVec4@physx@@QBE?AV01@ABV01@@Z 10018a20 f i CctCharacterControllerCallbacks.obj
 0001:00017ab0       ??_E?$PxHitBuffer@UPxOverlapHit@physx@@@physx@@UAEPAXI@Z 10018ab0 f i CctCharacterControllerCallbacks.obj
 0001:00017ab0       ??_G?$PxHitBuffer@UPxOverlapHit@physx@@@physx@@UAEPAXI@Z 10018ab0 f i CctCharacterControllerCallbacks.obj
 0001:00017af0       ??_E?$PxHitCallback@UPxOverlapHit@physx@@@physx@@UAEPAXI@Z 10018af0 f i CctCharacterControllerCallbacks.obj
 0001:00017af0       ??_G?$PxHitCallback@UPxOverlapHit@physx@@@physx@@UAEPAXI@Z 10018af0 f i CctCharacterControllerCallbacks.obj
 0001:00017b30       ?PxPlaneEquationFromTransform@physx@@YA?AVPxPlane@1@ABVPxTransform@1@@Z 10018b30 f i CctCharacterControllerCallbacks.obj
 0001:00017b90       ?allocate@?$Array@VPxTriangle@physx@@VNamedAllocator@shdfnd@2@@shdfnd@physx@@IAEPAVPxTriangle@3@I@Z 10018b90 f i CctCharacterControllerCallbacks.obj
 0001:00017c10       ?begin@?$Array@VPxTriangle@physx@@VNamedAllocator@shdfnd@2@@shdfnd@physx@@QAEPAVPxTriangle@3@XZ 10018c10 f i CctCharacterControllerCallbacks.obj
 0001:00017c30       ?capacityIncrement@?$Array@IVNamedAllocator@shdfnd@physx@@@shdfnd@physx@@IBEIXZ 10018c30 f i CctCharacterControllerCallbacks.obj
 0001:00017c70       ?capacityIncrement@?$Array@VPxTriangle@physx@@VNamedAllocator@shdfnd@2@@shdfnd@physx@@IBEIXZ 10018c70 f i CctCharacterControllerCallbacks.obj
 0001:00017cb0       ?centerExtents@PxBounds3@physx@@SA?AV12@ABVPxVec3@2@0@Z 10018cb0 f i CctCharacterControllerCallbacks.obj
 0001:00017d00       ?computeBasis@shdfnd@physx@@YAXABVPxVec3@2@AAV32@1@Z 10018d00 f i CctCharacterControllerCallbacks.obj
 0001:00017e00       ?copy@?$Array@VPxTriangle@physx@@VNamedAllocator@shdfnd@2@@shdfnd@physx@@KAXPAVPxTriangle@3@0PBV43@@Z 10018e00 f i CctCharacterControllerCallbacks.obj
 0001:00017e70       ?decodeIndex@Cct@physx@@YAII@Z 10018e70 f i CctCharacterControllerCallbacks.obj
 0001:00017e80       ?decodeType@Cct@physx@@YA?AW4UserObjectType@12@I@Z 10018e80 f i CctCharacterControllerCallbacks.obj
 0001:00017e90       ?distance@PxPlane@physx@@QBEMABVPxVec3@2@@Z 10018e90 f i CctCharacterControllerCallbacks.obj
 0001:00017ed0       ?finalizeQuery@?$PxHitCallback@UPxOverlapHit@physx@@@physx@@UAEXXZ 10018ed0 f i CctCharacterControllerCallbacks.obj
 0001:00017ee0       ?getAnyHit@?$PxHitBuffer@UPxOverlapHit@physx@@@physx@@QBEABUPxOverlapHit@2@I@Z 10018ee0 f i CctCharacterControllerCallbacks.obj
 0001:00017fa0       ?getNbAnyHits@?$PxHitBuffer@UPxOverlapHit@physx@@@physx@@QBEIXZ 10018fa0 f i CctCharacterControllerCallbacks.obj
 0001:00017fd0       ?getNbTouches@?$PxHitBuffer@UPxOverlapHit@physx@@@physx@@QBEIXZ 10018fd0 f i CctCharacterControllerCallbacks.obj
 0001:00017ff0       ?getPosition@PxMat44@physx@@QBE?AVPxVec3@2@XZ 10018ff0 f i CctCharacterControllerCallbacks.obj
 0001:00018020       ?getResults@PxMeshOverlapUtil@physx@@QBEPBIXZ 10019020 f i CctCharacterControllerCallbacks.obj
 0001:00018040       ?getTouches@?$PxHitBuffer@UPxOverlapHit@physx@@@physx@@QBEPBUPxOverlapHit@2@XZ 10019040 f i CctCharacterControllerCallbacks.obj
 0001:00018060       ?getTranspose@PxMat33@physx@@QBE?AV12@XZ 10019060 f i CctCharacterControllerCallbacks.obj
 0001:00018150       ?getXYZ@PxVec4@physx@@QBE?AVPxVec3@2@XZ 10019150 f i CctCharacterControllerCallbacks.obj
 0001:000181b0       ?grow@?$Array@VPxTriangle@physx@@VNamedAllocator@shdfnd@2@@shdfnd@physx@@IAEXI@Z 100191b0 f i CctCharacterControllerCallbacks.obj
 0001:00018230       ?growAndPushBack@?$Array@IVNamedAllocator@shdfnd@physx@@@shdfnd@physx@@IAEAAIABI@Z 10019230 f i CctCharacterControllerCallbacks.obj
 0001:000183c0       ?growAndPushBack@?$Array@VPxTriangle@physx@@VNamedAllocator@shdfnd@2@@shdfnd@physx@@IAEAAVPxTriangle@3@ABV43@@Z 100193c0 f i CctCharacterControllerCallbacks.obj
 0001:00018540       ?processTouches@?$PxHitBuffer@UPxOverlapHit@physx@@@physx@@MAE_NPBUPxOverlapHit@2@I@Z 10019540 f i CctCharacterControllerCallbacks.obj
 0001:00018570       ?project@PxPlane@physx@@QBE?AVPxVec3@2@ABV32@@Z 10019570 f i CctCharacterControllerCallbacks.obj
 0001:000185c0       ?pushBack@?$Array@IVNamedAllocator@shdfnd@physx@@@shdfnd@physx@@QAEAAIABI@Z 100195c0 f i CctCharacterControllerCallbacks.obj
 0001:00018670       ?pushBack@?$Array@VPxTriangle@physx@@VNamedAllocator@shdfnd@2@@shdfnd@physx@@QAEAAVPxTriangle@3@ABV43@@Z 10019670 f i CctCharacterControllerCallbacks.obj
 0001:00018720       ?recreate@?$Array@VPxTriangle@physx@@VNamedAllocator@shdfnd@2@@shdfnd@physx@@IAEXI@Z 10019720 f i CctCharacterControllerCallbacks.obj
 0001:00018820       ?reserve@?$Array@VPxTriangle@physx@@VNamedAllocator@shdfnd@2@@shdfnd@physx@@QAEXI@Z 10019820 f i CctCharacterControllerCallbacks.obj
 0001:00018850       ?resizeUninitialized@?$Array@VPxTriangle@physx@@VNamedAllocator@shdfnd@2@@shdfnd@physx@@QAEXI@Z 10019850 f i CctCharacterControllerCallbacks.obj
 0001:00018880       ?rotate@PxMat44@physx@@QBE?BVPxVec3@2@ABV32@@Z 10019880 f i CctCharacterControllerCallbacks.obj
 0001:000188e0       ?rotate@PxMat44@physx@@QBE?BVPxVec4@2@ABV32@@Z 100198e0 f i CctCharacterControllerCallbacks.obj
 0001:00018980       ?rotate@PxTransform@physx@@QBE?AVPxVec3@2@ABV32@@Z 10019980 f i CctCharacterControllerCallbacks.obj
 0001:00018a00       ?toMat33@PxMeshScale@physx@@QBE?AVPxMat33@2@XZ 10019a00 f i CctCharacterControllerCallbacks.obj
 0001:00018ac0       ?transform@PxMat33@physx@@QBE?AVPxVec3@2@ABV32@@Z 10019ac0 f i CctCharacterControllerCallbacks.obj
 0001:00018b60       ?transform@PxTransform@physx@@QBE?AVPxPlane@2@ABV32@@Z 10019b60 f i CctCharacterControllerCallbacks.obj
 0001:00018c20       _PxCreateControllerManager 10019c20 f   CctCharacterControllerManager.obj
 0001:00018c90       ??0CharacterControllerManager@Cct@physx@@QAE@AAVPxScene@2@_N@Z 10019c90 f   CctCharacterControllerManager.obj
 0001:00018e00       ??1CharacterControllerManager@Cct@physx@@UAE@XZ 10019e00 f   CctCharacterControllerManager.obj
 0001:00018eb0       ?release@CharacterControllerManager@Cct@physx@@UAEXXZ 10019eb0 f   CctCharacterControllerManager.obj
 0001:00018f50       ?getScene@CharacterControllerManager@Cct@physx@@UBEAAVPxScene@3@XZ 10019f50 f   CctCharacterControllerManager.obj
 0001:00018f70       ?getNbControllers@CharacterControllerManager@Cct@physx@@UBEIXZ 10019f70 f   CctCharacterControllerManager.obj
 0001:00018f90       ?getController@CharacterControllerManager@Cct@physx@@UAEPAVPxController@3@I@Z 10019f90 f   CctCharacterControllerManager.obj
 0001:00019040       ?createController@CharacterControllerManager@Cct@physx@@UAEPAVPxController@3@ABVPxControllerDesc@3@@Z 1001a040 f   CctCharacterControllerManager.obj
 0001:000192a0       ?purgeControllers@CharacterControllerManager@Cct@physx@@UAEXXZ 1001a2a0 f   CctCharacterControllerManager.obj
 0001:000192f0       ?getRenderBuffer@CharacterControllerManager@Cct@physx@@UAEAAVPxRenderBuffer@3@XZ 1001a2f0 f   CctCharacterControllerManager.obj
 0001:00019360       ?setDebugRenderingFlags@CharacterControllerManager@Cct@physx@@UAEXV?$PxFlags@W4Enum@PxControllerDebugRenderFlag@physx@@I@3@@Z 1001a360 f   CctCharacterControllerManager.obj
 0001:000193d0       ?getNbObstacleContexts@CharacterControllerManager@Cct@physx@@UBEIXZ 1001a3d0 f   CctCharacterControllerManager.obj
 0001:000193f0       ?getObstacleContext@CharacterControllerManager@Cct@physx@@UAEPAVPxObstacleContext@3@I@Z 1001a3f0 f   CctCharacterControllerManager.obj
 0001:00019490       ?createObstacleContext@CharacterControllerManager@Cct@physx@@UAEPAVPxObstacleContext@3@XZ 1001a490 f   CctCharacterControllerManager.obj
 0001:00019500       ?computeInteractions@CharacterControllerManager@Cct@physx@@UAEXMPAVPxControllerFilterCallback@3@@Z 1001a500 f   CctCharacterControllerManager.obj
 0001:00019750       ?setTessellation@CharacterControllerManager@Cct@physx@@UAEX_NM@Z 1001a750 f   CctCharacterControllerManager.obj
 0001:00019780       ?setOverlapRecoveryModule@CharacterControllerManager@Cct@physx@@UAEX_N@Z 1001a780 f   CctCharacterControllerManager.obj
 0001:000197a0       ?setPreciseSweeps@CharacterControllerManager@Cct@physx@@UAEX_N@Z 1001a7a0 f   CctCharacterControllerManager.obj
 0001:000197c0       ?setPreventVerticalSlidingAgainstCeiling@CharacterControllerManager@Cct@physx@@UAEX_N@Z 1001a7c0 f   CctCharacterControllerManager.obj
 0001:000197e0       ?shiftOrigin@CharacterControllerManager@Cct@physx@@UAEXABVPxVec3@3@@Z 1001a7e0 f   CctCharacterControllerManager.obj
 0001:00019920       ?onObstacleRemoved@CharacterControllerManager@Cct@physx@@QBEXI@Z 1001a920 f   CctCharacterControllerManager.obj
 0001:00019970       ?onObstacleUpdated@CharacterControllerManager@Cct@physx@@QBEXIPBVPxObstacleContext@3@@Z 1001a970 f   CctCharacterControllerManager.obj
 0001:00019a40       ?onObstacleAdded@CharacterControllerManager@Cct@physx@@QBEXIPBVPxObstacleContext@3@@Z 1001aa40 f   CctCharacterControllerManager.obj
 0001:00019b10       ?releaseController@CharacterControllerManager@Cct@physx@@QAEXAAVPxController@3@@Z 1001ab10 f   CctCharacterControllerManager.obj
 0001:00019cd0       ?getControllers@CharacterControllerManager@Cct@physx@@QAEPAPAVController@23@XZ 1001acd0 f   CctCharacterControllerManager.obj
 0001:00019cf0       ?releaseObstacleContext@CharacterControllerManager@Cct@physx@@QAEXAAVObstacleContext@23@@Z 1001acf0 f   CctCharacterControllerManager.obj
 0001:00019da0       ?resetObstaclesBuffers@CharacterControllerManager@Cct@physx@@QAEXXZ 1001ada0 f   CctCharacterControllerManager.obj
 0001:0001c450       ??$?2V?$ReflectionAllocator@VBoxController@Cct@physx@@@shdfnd@physx@@@UserAllocated@shdfnd@physx@@SAPAXIV?$ReflectionAllocator@VBoxController@Cct@physx@@@12@PBDH@Z 1001d450 f i CctCharacterControllerManager.obj
 0001:0001c470       ??$?2V?$ReflectionAllocator@VCapsuleController@Cct@physx@@@shdfnd@physx@@@UserAllocated@shdfnd@physx@@SAPAXIV?$ReflectionAllocator@VCapsuleController@Cct@physx@@@12@PBDH@Z 1001d470 f i CctCharacterControllerManager.obj
 0001:0001c490       ??$?2V?$ReflectionAllocator@VCharacterControllerManager@Cct@physx@@@shdfnd@physx@@@UserAllocated@shdfnd@physx@@SAPAXIV?$ReflectionAllocator@VCharacterControllerManager@Cct@physx@@@12@PBDH@Z 1001d490 f i CctCharacterControllerManager.obj
 0001:0001c4b0       ??$?2V?$ReflectionAllocator@VObstacleContext@Cct@physx@@@shdfnd@physx@@@UserAllocated@shdfnd@physx@@SAPAXIV?$ReflectionAllocator@VObstacleContext@Cct@physx@@@12@PBDH@Z 1001d4b0 f i CctCharacterControllerManager.obj
 0001:0001c4d0       ??$?2V?$ReflectionAllocator@VRenderBuffer@Cm@physx@@@shdfnd@physx@@@UserAllocated@shdfnd@physx@@SAPAXIV?$ReflectionAllocator@VRenderBuffer@Cm@physx@@@12@PBDH@Z 1001d4d0 f i CctCharacterControllerManager.obj
 0001:0001c4f0       ??$append@UPxDebugLine@physx@@@RenderBuffer@Cm@physx@@AAEXAAV?$Array@UPxDebugLine@physx@@VNamedAllocator@shdfnd@2@@shdfnd@2@PBUPxDebugLine@2@I@Z 1001d4f0 f i CctCharacterControllerManager.obj
 0001:0001c560       ??$append@UPxDebugPoint@physx@@@RenderBuffer@Cm@physx@@AAEXAAV?$Array@UPxDebugPoint@physx@@VNamedAllocator@shdfnd@2@@shdfnd@2@PBUPxDebugPoint@2@I@Z 1001d560 f i CctCharacterControllerManager.obj
 0001:0001c5d0       ??$append@UPxDebugText@physx@@@RenderBuffer@Cm@physx@@AAEXAAV?$Array@UPxDebugText@physx@@VNamedAllocator@shdfnd@2@@shdfnd@2@PBUPxDebugText@2@I@Z 1001d5d0 f i CctCharacterControllerManager.obj
 0001:0001c640       ??$append@UPxDebugTriangle@physx@@@RenderBuffer@Cm@physx@@AAEXAAV?$Array@UPxDebugTriangle@physx@@VNamedAllocator@shdfnd@2@@shdfnd@2@PBUPxDebugTriangle@2@I@Z 1001d640 f i CctCharacterControllerManager.obj
 0001:0001c6b0       ??$resetOrClear@V?$Array@PBXVNamedAllocator@shdfnd@physx@@@shdfnd@physx@@@@YAXAAV?$Array@PBXVNamedAllocator@shdfnd@physx@@@shdfnd@physx@@@Z 1001d6b0 f i CctCharacterControllerManager.obj
 0001:0001c710       ??$resetOrClear@V?$Array@UPxExtendedCapsule@physx@@VNamedAllocator@shdfnd@2@@shdfnd@physx@@@@YAXAAV?$Array@UPxExtendedCapsule@physx@@VNamedAllocator@shdfnd@2@@shdfnd@physx@@@Z 1001d710 f i CctCharacterControllerManager.obj
 0001:0001c770       ??$resetOrClear@V?$Array@VPxExtendedBox@physx@@VNamedAllocator@shdfnd@2@@shdfnd@physx@@@@YAXAAV?$Array@VPxExtendedBox@physx@@VNamedAllocator@shdfnd@2@@shdfnd@physx@@@Z 1001d770 f i CctCharacterControllerManager.obj
 0001:0001c7d0       ??$swap@PAVController@Cct@physx@@@shdfnd@physx@@YAXAAPAVController@Cct@1@0@Z 1001d7d0 f i CctCharacterControllerManager.obj
 0001:0001c800       ??0?$Array@DVNamedAllocator@shdfnd@physx@@@shdfnd@physx@@QAE@ABVNamedAllocator@12@@Z 1001d800 f i CctCharacterControllerManager.obj
 0001:0001c850       ??0?$Array@PAVController@Cct@physx@@VNamedAllocator@shdfnd@3@@shdfnd@physx@@QAE@ABVNamedAllocator@12@@Z 1001d850 f i CctCharacterControllerManager.obj
 0001:0001c8a0       ??0?$Array@PAVObstacleContext@Cct@physx@@VNamedAllocator@shdfnd@3@@shdfnd@physx@@QAE@ABVNamedAllocator@12@@Z 1001d8a0 f i CctCharacterControllerManager.obj
 0001:0001c8f0       ??0?$Array@PBXVNamedAllocator@shdfnd@physx@@@shdfnd@physx@@QAE@ABVNamedAllocator@12@@Z 1001d8f0 f i CctCharacterControllerManager.obj
 0001:0001c940       ??0?$Array@UPxDebugLine@physx@@VNamedAllocator@shdfnd@2@@shdfnd@physx@@QAE@ABVNamedAllocator@12@@Z 1001d940 f i CctCharacterControllerManager.obj
 0001:0001c990       ??0?$Array@UPxDebugPoint@physx@@VNamedAllocator@shdfnd@2@@shdfnd@physx@@QAE@ABVNamedAllocator@12@@Z 1001d990 f i CctCharacterControllerManager.obj
 0001:0001c9e0       ??0?$Array@UPxDebugText@physx@@VNamedAllocator@shdfnd@2@@shdfnd@physx@@QAE@ABVNamedAllocator@12@@Z 1001d9e0 f i CctCharacterControllerManager.obj
 0001:0001ca30       ??0?$Array@UPxDebugTriangle@physx@@VNamedAllocator@shdfnd@2@@shdfnd@physx@@QAE@ABVNamedAllocator@12@@Z 1001da30 f i CctCharacterControllerManager.obj
 0001:0001ca80       ??0?$Array@UPxExtendedCapsule@physx@@VNamedAllocator@shdfnd@2@@shdfnd@physx@@QAE@ABVNamedAllocator@12@@Z 1001da80 f i CctCharacterControllerManager.obj
 0001:0001cad0       ??0?$Array@VPxExtendedBox@physx@@VNamedAllocator@shdfnd@2@@shdfnd@physx@@QAE@ABVNamedAllocator@12@@Z 1001dad0 f i CctCharacterControllerManager.obj
 0001:0001cb20       ??0?$HashBase@PAVPxShape@physx@@PAV12@U?$Hash@PAVPxShape@physx@@@shdfnd@2@UGetKey@?$HashSetBase@PAVPxShape@physx@@U?$Hash@PAVPxShape@physx@@@shdfnd@2@VAllocator@42@$0A@@internal@42@VAllocator@42@$0A@@internal@shdfnd@physx@@QAE@IM@Z 1001db20 f i CctCharacterControllerManager.obj
 0001:0001cb70       ??0?$HashSet@PAVPxShape@physx@@U?$Hash@PAVPxShape@physx@@@shdfnd@2@VAllocator@42@@shdfnd@physx@@QAE@IM@Z 1001db70 f i CctCharacterControllerManager.obj
 0001:0001cba0       ??0?$HashSetBase@PAVPxShape@physx@@U?$Hash@PAVPxShape@physx@@@shdfnd@2@VAllocator@42@$0A@@internal@shdfnd@physx@@QAE@IM@Z 1001dba0 f i CctCharacterControllerManager.obj
 0001:0001cbd0       ??0?$PxFlags@W4Enum@PxControllerDebugRenderFlag@physx@@I@physx@@QAE@I@Z 1001dbd0 f i CctCharacterControllerManager.obj
 0001:0001cbf0       ??0?$ReflectionAllocator@VBoxController@Cct@physx@@@shdfnd@physx@@QAE@PBD@Z 1001dbf0 f i CctCharacterControllerManager.obj
 0001:0001cc10       ??0?$ReflectionAllocator@VCapsuleController@Cct@physx@@@shdfnd@physx@@QAE@PBD@Z 1001dc10 f i CctCharacterControllerManager.obj
 0001:0001cc30       ??0?$ReflectionAllocator@VCharacterControllerManager@Cct@physx@@@shdfnd@physx@@QAE@PBD@Z 1001dc30 f i CctCharacterControllerManager.obj
 0001:0001cc50       ??0?$ReflectionAllocator@VObstacleContext@Cct@physx@@@shdfnd@physx@@QAE@PBD@Z 1001dc50 f i CctCharacterControllerManager.obj
 0001:0001cc70       ??0?$ReflectionAllocator@VRenderBuffer@Cm@physx@@@shdfnd@physx@@QAE@PBD@Z 1001dc70 f i CctCharacterControllerManager.obj
 0001:0001cc90       ??0Axes@Gu@physx@@QAE@W4AxisOrder@12@@Z 1001dc90 f i CctCharacterControllerManager.obj
 0001:0001cce0       ??0PxDebugLine@physx@@QAE@ABU01@@Z 1001dce0 f i CctCharacterControllerManager.obj
 0001:0001cd40       ??0PxDebugPoint@physx@@QAE@ABU01@@Z 1001dd40 f i CctCharacterControllerManager.obj
 0001:0001cd80       ??0PxDebugText@physx@@QAE@ABU01@@Z 1001dd80 f i CctCharacterControllerManager.obj
 0001:0001cdd0       ??0PxDebugTriangle@physx@@QAE@ABU01@@Z 1001ddd0 f i CctCharacterControllerManager.obj
 0001:0001ce50       ??0PxRenderBuffer@physx@@QAE@XZ 1001de50 f i CctCharacterControllerManager.obj
 0001:0001ce70       ??0RenderBuffer@Cm@physx@@QAE@XZ 1001de70 f i CctCharacterControllerManager.obj
 0001:0001cf90       ??1?$Array@DVNamedAllocator@shdfnd@physx@@@shdfnd@physx@@QAE@XZ 1001df90 f i CctCharacterControllerManager.obj
 0001:0001d000       ??1?$Array@PAVController@Cct@physx@@VNamedAllocator@shdfnd@3@@shdfnd@physx@@QAE@XZ 1001e000 f i CctCharacterControllerManager.obj
 0001:0001d070       ??1?$Array@PAVObstacleContext@Cct@physx@@VNamedAllocator@shdfnd@3@@shdfnd@physx@@QAE@XZ 1001e070 f i CctCharacterControllerManager.obj
 0001:0001d0e0       ??1?$Array@PBXVNamedAllocator@shdfnd@physx@@@shdfnd@physx@@QAE@XZ 1001e0e0 f i CctCharacterControllerManager.obj
 0001:0001d150       ??1?$Array@UPxDebugLine@physx@@VNamedAllocator@shdfnd@2@@shdfnd@physx@@QAE@XZ 1001e150 f i CctCharacterControllerManager.obj
 0001:0001d1c0       ??1?$Array@UPxDebugPoint@physx@@VNamedAllocator@shdfnd@2@@shdfnd@physx@@QAE@XZ 1001e1c0 f i CctCharacterControllerManager.obj
 0001:0001d230       ??1?$Array@UPxDebugText@physx@@VNamedAllocator@shdfnd@2@@shdfnd@physx@@QAE@XZ 1001e230 f i CctCharacterControllerManager.obj
 0001:0001d2a0       ??1?$Array@UPxDebugTriangle@physx@@VNamedAllocator@shdfnd@2@@shdfnd@physx@@QAE@XZ 1001e2a0 f i CctCharacterControllerManager.obj
 0001:0001d310       ??1?$Array@UPxExtendedCapsule@physx@@VNamedAllocator@shdfnd@2@@shdfnd@physx@@QAE@XZ 1001e310 f i CctCharacterControllerManager.obj
 0001:0001d380       ??1?$Array@VPxExtendedBox@physx@@VNamedAllocator@shdfnd@2@@shdfnd@physx@@QAE@XZ 1001e380 f i CctCharacterControllerManager.obj
 0001:0001d3f0       ??1?$HashBase@PAVPxShape@physx@@PAV12@U?$Hash@PAVPxShape@physx@@@shdfnd@2@UGetKey@?$HashSetBase@PAVPxShape@physx@@U?$Hash@PAVPxShape@physx@@@shdfnd@2@VAllocator@42@$0A@@internal@42@VAllocator@42@$0A@@internal@shdfnd@physx@@QAE@XZ 1001e3f0 f i CctCharacterControllerManager.obj
 0001:0001d430       ??1?$HashSet@PAVPxShape@physx@@U?$Hash@PAVPxShape@physx@@@shdfnd@2@VAllocator@42@@shdfnd@physx@@QAE@XZ 1001e430 f i CctCharacterControllerManager.obj
 0001:0001d450       ??1?$HashSetBase@PAVPxShape@physx@@U?$Hash@PAVPxShape@physx@@@shdfnd@2@VAllocator@42@$0A@@internal@shdfnd@physx@@QAE@XZ 1001e450 f i CctCharacterControllerManager.obj
 0001:0001d470       ??1Axes@Gu@physx@@QAE@XZ   1001e470 f i CctCharacterControllerManager.obj
 0001:0001d480       ??1PxRenderBuffer@physx@@UAE@XZ 1001e480 f i CctCharacterControllerManager.obj
 0001:0001d4a0       ??1RenderBuffer@Cm@physx@@UAE@XZ 1001e4a0 f i CctCharacterControllerManager.obj
 0001:0001d500       ??4?$PxFlags@W4Enum@PxControllerDebugRenderFlag@physx@@I@physx@@QAEAAV01@ABV01@@Z 1001e500 f i CctCharacterControllerManager.obj
 0001:0001d520       ??4PxBounds3@physx@@QAEAAV01@$$QAV01@@Z 1001e520 f i CctCharacterControllerManager.obj
 0001:0001d560       ??A?$Array@PAVController@Cct@physx@@VNamedAllocator@shdfnd@3@@shdfnd@physx@@QAEAAPAVController@Cct@2@I@Z 1001e560 f i CctCharacterControllerManager.obj
 0001:0001d5d0       ??A?$Array@PAVController@Cct@physx@@VNamedAllocator@shdfnd@3@@shdfnd@physx@@QBEABQAVController@Cct@2@I@Z 1001e5d0 f i CctCharacterControllerManager.obj
 0001:0001d640       ??A?$Array@PAVObstacleContext@Cct@physx@@VNamedAllocator@shdfnd@3@@shdfnd@physx@@QAEAAPAVObstacleContext@Cct@2@I@Z 1001e640 f i CctCharacterControllerManager.obj
 0001:0001d6b0       ??A?$Array@UPxDebugLine@physx@@VNamedAllocator@shdfnd@2@@shdfnd@physx@@QAEAAUPxDebugLine@2@I@Z 1001e6b0 f i CctCharacterControllerManager.obj
 0001:0001d720       ??A?$Array@UPxDebugPoint@physx@@VNamedAllocator@shdfnd@2@@shdfnd@physx@@QAEAAUPxDebugPoint@2@I@Z 1001e720 f i CctCharacterControllerManager.obj
 0001:0001d790       ??A?$Array@UPxDebugText@physx@@VNamedAllocator@shdfnd@2@@shdfnd@physx@@QAEAAUPxDebugText@2@I@Z 1001e790 f i CctCharacterControllerManager.obj
 0001:0001d800       ??A?$Array@UPxDebugTriangle@physx@@VNamedAllocator@shdfnd@2@@shdfnd@physx@@QAEAAUPxDebugTriangle@2@I@Z 1001e800 f i CctCharacterControllerManager.obj
 0001:0001d870       ??APxMat33@physx@@QBEABVPxVec3@1@H@Z 1001e870 f i CctCharacterControllerManager.obj
 0001:0001d890       ??APxMat33@physx@@QBEABVPxVec3@1@I@Z 1001e890 f i CctCharacterControllerManager.obj
 0001:0001d8b0       ??APxVec3@physx@@QBEABMI@Z 1001e8b0 f i CctCharacterControllerManager.obj
 0001:0001d920       ??B?$PxFlags@W4Enum@PxControllerDebugRenderFlag@physx@@I@physx@@QBE_NXZ 1001e920 f i CctCharacterControllerManager.obj
 0001:0001d950       ??_ECharacterControllerManager@Cct@physx@@UAEPAXI@Z 1001e950 f i CctCharacterControllerManager.obj
 0001:0001d950       ??_GCharacterControllerManager@Cct@physx@@UAEPAXI@Z 1001e950 f i CctCharacterControllerManager.obj
 0001:0001d9b0       ??_EPxRenderBuffer@physx@@UAEPAXI@Z 1001e9b0 f i CctCharacterControllerManager.obj
 0001:0001d9b0       ??_GPxRenderBuffer@physx@@UAEPAXI@Z 1001e9b0 f i CctCharacterControllerManager.obj
 0001:0001d9f0       ??_GRenderBuffer@Cm@physx@@UAEPAXI@Z 1001e9f0 f i CctCharacterControllerManager.obj
 0001:0001d9f0       ??_ERenderBuffer@Cm@physx@@UAEPAXI@Z 1001e9f0 f i CctCharacterControllerManager.obj
 0001:0001da50       ?PxMemCopy@physx@@YAPAXPIAXPIBXI@Z 1001ea50 f i CctCharacterControllerManager.obj
 0001:0001da70       ?PxMemSet@physx@@YAPAXPIAXHI@Z 1001ea70 f i CctCharacterControllerManager.obj
 0001:0001da90       ?allocate@?$Array@PAVController@Cct@physx@@VNamedAllocator@shdfnd@3@@shdfnd@physx@@IAEPAPAVController@Cct@3@I@Z 1001ea90 f i CctCharacterControllerManager.obj
 0001:0001db10       ?allocate@?$Array@PAVObstacleContext@Cct@physx@@VNamedAllocator@shdfnd@3@@shdfnd@physx@@IAEPAPAVObstacleContext@Cct@3@I@Z 1001eb10 f i CctCharacterControllerManager.obj
 0001:0001db90       ?allocate@?$Array@UPxDebugLine@physx@@VNamedAllocator@shdfnd@2@@shdfnd@physx@@IAEPAUPxDebugLine@3@I@Z 1001eb90 f i CctCharacterControllerManager.obj
 0001:0001dc10       ?allocate@?$Array@UPxDebugPoint@physx@@VNamedAllocator@shdfnd@2@@shdfnd@physx@@IAEPAUPxDebugPoint@3@I@Z 1001ec10 f i CctCharacterControllerManager.obj
 0001:0001dc90       ?allocate@?$Array@UPxDebugText@physx@@VNamedAllocator@shdfnd@2@@shdfnd@physx@@IAEPAUPxDebugText@3@I@Z 1001ec90 f i CctCharacterControllerManager.obj
 0001:0001dd10       ?allocate@?$Array@UPxDebugTriangle@physx@@VNamedAllocator@shdfnd@2@@shdfnd@physx@@IAEPAUPxDebugTriangle@3@I@Z 1001ed10 f i CctCharacterControllerManager.obj
 0001:0001dd90       ?allocate@?$ReflectionAllocator@VBoxController@Cct@physx@@@shdfnd@physx@@QAEPAXIPBDH@Z 1001ed90 f i CctCharacterControllerManager.obj
 0001:0001ddf0       ?allocate@?$ReflectionAllocator@VCapsuleController@Cct@physx@@@shdfnd@physx@@QAEPAXIPBDH@Z 1001edf0 f i CctCharacterControllerManager.obj
 0001:0001de50       ?allocate@?$ReflectionAllocator@VCharacterControllerManager@Cct@physx@@@shdfnd@physx@@QAEPAXIPBDH@Z 1001ee50 f i CctCharacterControllerManager.obj
 0001:0001deb0       ?allocate@?$ReflectionAllocator@VObstacleContext@Cct@physx@@@shdfnd@physx@@QAEPAXIPBDH@Z 1001eeb0 f i CctCharacterControllerManager.obj
 0001:0001df10       ?allocate@?$ReflectionAllocator@VRenderBuffer@Cm@physx@@@shdfnd@physx@@QAEPAXIPBDH@Z 1001ef10 f i CctCharacterControllerManager.obj
 0001:0001df70       ?append@RenderBuffer@Cm@physx@@UAEXABVPxRenderBuffer@3@@Z 1001ef70 f i CctCharacterControllerManager.obj
 0001:0001e060       ?begin@?$Array@PAVController@Cct@physx@@VNamedAllocator@shdfnd@3@@shdfnd@physx@@QAEPAPAVController@Cct@3@XZ 1001f060 f i CctCharacterControllerManager.obj
 0001:0001e080       ?begin@?$Array@UPxDebugLine@physx@@VNamedAllocator@shdfnd@2@@shdfnd@physx@@QBEPBUPxDebugLine@3@XZ 1001f080 f i CctCharacterControllerManager.obj
 0001:0001e0a0       ?begin@?$Array@UPxDebugPoint@physx@@VNamedAllocator@shdfnd@2@@shdfnd@physx@@QBEPBUPxDebugPoint@3@XZ 1001f0a0 f i CctCharacterControllerManager.obj
 0001:0001e0c0       ?begin@?$Array@UPxDebugText@physx@@VNamedAllocator@shdfnd@2@@shdfnd@physx@@QBEPBUPxDebugText@3@XZ 1001f0c0 f i CctCharacterControllerManager.obj
 0001:0001e0e0       ?begin@?$Array@UPxDebugTriangle@physx@@VNamedAllocator@shdfnd@2@@shdfnd@physx@@QBEPBUPxDebugTriangle@3@XZ 1001f0e0 f i CctCharacterControllerManager.obj
 0001:0001e100       ?capacity@?$Array@DVNamedAllocator@shdfnd@physx@@@shdfnd@physx@@QBEIXZ 1001f100 f i CctCharacterControllerManager.obj
 0001:0001e120       ?capacity@?$Array@PAVController@Cct@physx@@VNamedAllocator@shdfnd@3@@shdfnd@physx@@QBEIXZ 1001f120 f i CctCharacterControllerManager.obj
 0001:0001e140       ?capacity@?$Array@PAVObstacleContext@Cct@physx@@VNamedAllocator@shdfnd@3@@shdfnd@physx@@QBEIXZ 1001f140 f i CctCharacterControllerManager.obj
[...]
 0003:00000549       ?_ignore@?2??grow@?$Array@UPxDebugLine@physx@@VNamedAllocator@shdfnd@2@@shdfnd@physx@@IAEXI@Z@4_NA 10039549     CctCharacterControllerManager.obj
 0003:0000054a       ?_ignore@?2??grow@?$Array@UPxDebugPoint@physx@@VNamedAllocator@shdfnd@2@@shdfnd@physx@@IAEXI@Z@4_NA 1003954a     CctCharacterControllerManager.obj
 0003:0000054b       ?_ignore@?2??growAndPushBack@?$Array@UPxDebugPoint@physx@@VNamedAllocator@shdfnd@2@@shdfnd@physx@@IAEAAUPxDebugPoint@4@ABU54@@Z@4_NA 1003954b     CctCharacterControllerManager.obj
 0003:0000054c       ?_ignore@?2??recreate@?$Array@UPxDebugPoint@physx@@VNamedAllocator@shdfnd@2@@shdfnd@physx@@IAEXI@Z@4_NA 1003954c     CctCharacterControllerManager.obj
 0003:0000054d       ?_ignore@?2??recreate@?$Array@UPxDebugLine@physx@@VNamedAllocator@shdfnd@2@@shdfnd@physx@@IAEXI@Z@4_NA 1003954d     CctCharacterControllerManager.obj
 0003:0000054e       ?_ignore@?2??growAndPushBack@?$Array@UPxDebugTriangle@physx@@VNamedAllocator@shdfnd@2@@shdfnd@physx@@IAEAAUPxDebugTriangle@4@ABU54@@Z@4_NA 1003954e     CctCharacterControllerManager.obj
 0003:0000054f       ?_ignore@?2??recreate@?$Array@UPxDebugTriangle@physx@@VNamedAllocator@shdfnd@2@@shdfnd@physx@@IAEXI@Z@4_NA 1003954f     CctCharacterControllerManager.obj
 0003:00000550       ?_ignore@?2??growAndPushBack@?$Array@UPxDebugText@physx@@VNamedAllocator@shdfnd@2@@shdfnd@physx@@IAEAAUPxDebugText@4@ABU54@@Z@4_NA 10039550     CctCharacterControllerManager.obj
 0003:00000551       ?_ignore@?2??recreate@?$Array@UPxDebugText@physx@@VNamedAllocator@shdfnd@2@@shdfnd@physx@@IAEXI@Z@4_NA 10039551     CctCharacterControllerManager.obj
 0003:00000552       ?_ignore@?2??recreate@?$Array@PBXVNamedAllocator@shdfnd@physx@@@shdfnd@physx@@IAEXI@Z@4_NA 10039552     CctCharacterControllerManager.obj
 0003:00000553       ?_ignore@?2??recreate@?$Array@VPxExtendedBox@physx@@VNamedAllocator@shdfnd@2@@shdfnd@physx@@IAEXI@Z@4_NA 10039553     CctCharacterControllerManager.obj
 0003:00000554       ?_ignore@?2??recreate@?$Array@UPxExtendedCapsule@physx@@VNamedAllocator@shdfnd@2@@shdfnd@physx@@IAEXI@Z@4_NA 10039554     CctCharacterControllerManager.obj
 0003:00000555       ?_ignore@?2??grow@?$Array@UPxExtendedCapsule@physx@@VNamedAllocator@shdfnd@2@@shdfnd@physx@@IAEXI@Z@4_NA 10039555     CctCharacterControllerManager.obj
 0003:00000556       ?_ignore@?2??grow@?$Array@VPxExtendedBox@physx@@VNamedAllocator@shdfnd@2@@shdfnd@physx@@IAEXI@Z@4_NA 10039556     CctCharacterControllerManager.obj
 0003:00000557       ?_ignore@?2??grow@?$Array@PBXVNamedAllocator@shdfnd@physx@@@shdfnd@physx@@IAEXI@Z@4_NA 10039557     CctCharacterControllerManager.obj
 0003:0000055b       ?_ignore@?2??to16@shdfnd@physx@@YAGI@Z@4_NA 1003955b     CctObstacleContext.obj
 0003:00000567       ?_ignore@?2??replaceWithLast@?$Array@UInternalCapsuleObstacle@ObstacleContext@Cct@physx@@VNamedAllocator@shdfnd@4@@shdfnd@physx@@QAEXI@Z@4_NA 10039567     CctObstacleContext.obj
 0003:00000568       ?_ignore@?2???A?$Array@UInternalCapsuleObstacle@ObstacleContext@Cct@physx@@VNamedAllocator@shdfnd@4@@shdfnd@physx@@QAEAAUInternalCapsuleObstacle@ObstacleContext@Cct@3@I@Z@4_NA 10039568     CctObstacleContext.obj
 0003:00000569       ?_ignore@?2??replaceWithLast@?$Array@UInternalBoxObstacle@ObstacleContext@Cct@physx@@VNamedAllocator@shdfnd@4@@shdfnd@physx@@QAEXI@Z@4_NA 10039569     CctObstacleContext.obj
 0003:0000056a       ?_ignore@?2???A?$Array@UInternalBoxObstacle@ObstacleContext@Cct@physx@@VNamedAllocator@shdfnd@4@@shdfnd@physx@@QAEAAUInternalBoxObstacle@ObstacleContext@Cct@3@I@Z@4_NA 1003956a     CctObstacleContext.obj
 0003:0000056b       ?_ignore@?2??growAndPushBack@?$Array@UInternalBoxObstacle@ObstacleContext@Cct@physx@@VNamedAllocator@shdfnd@4@@shdfnd@physx@@IAEAAUInternalBoxObstacle@ObstacleContext@Cct@4@ABU5674@@Z@4_NA 1003956b     CctObstacleContext.obj
 0003:0000056c       ?_ignore@?2??growAndPushBack@?$Array@UInternalCapsuleObstacle@ObstacleContext@Cct@physx@@VNamedAllocator@shdfnd@4@@shdfnd@physx@@IAEAAUInternalCapsuleObstacle@ObstacleContext@Cct@4@ABU5674@@Z@4_NA 1003956c     CctObstacleContext.obj
 0003:00000573       ?_ignore@?2???APxVec3@physx@@QAEAAMH@Z@4_NA 10039573     PhysX3ExtensionsDEBUG:ExtRigidBodyExt.obj
 0003:00000574       ?_ignore@?2???APxVec3@physx@@QAEAAMI@Z@4_NA 10039574     PhysX3ExtensionsDEBUG:ExtRigidBodyExt.obj
 0003:00000575       ?_ignore@?2??getInverse@PxTransform@physx@@QBE?AV23@XZ@4_NA 10039575     PhysX3ExtensionsDEBUG:ExtRigidBodyExt.obj
 0003:00000576       ?_ignore@?2??transformFast@PxBounds3@physx@@SA?AV23@ABVPxTransform@3@ABV23@@Z@4_NA 10039576     PhysX3ExtensionsDEBUG:ExtRigidBodyExt.obj
 0003:0000057c       ?_ignore@?2??setDiagonal@InertiaTensorComputer@Ext@physx@@QAEXMABVPxVec3@4@@Z@4_NA 1003957c     PhysX3ExtensionsDEBUG:ExtRigidBodyExt.obj
 0003:0000057d       ?_ignore@?3??setDiagonal@InertiaTensorComputer@Ext@physx@@QAEXMABVPxVec3@4@@Z@4_NA 1003957d     PhysX3ExtensionsDEBUG:ExtRigidBodyExt.obj
 0003:0000057e       ?_ignore@?2??rotate@InertiaTensorComputer@Ext@physx@@QAEXABVPxMat33@4@@Z@4_NA 1003957e     PhysX3ExtensionsDEBUG:ExtRigidBodyExt.obj
 0003:0000057f       ?_ignore@?3??rotate@InertiaTensorComputer@Ext@physx@@QAEXABVPxMat33@4@@Z@4_NA 1003957f     PhysX3ExtensionsDEBUG:ExtRigidBodyExt.obj
 0003:00000582       ?_ignore@?2??scaleDensity@InertiaTensorComputer@Ext@physx@@QAEXM@Z@4_NA 10039582     PhysX3ExtensionsDEBUG:ExtRigidBodyExt.obj
 0003:00000583       ?_ignore@?3??scaleDensity@InertiaTensorComputer@Ext@physx@@QAEXM@Z@4_NA 10039583     PhysX3ExtensionsDEBUG:ExtRigidBodyExt.obj
 0003:00000584       ?_ignore@?2??add@InertiaTensorComputer@Ext@physx@@QAEXABV234@@Z@4_NA 10039584     PhysX3ExtensionsDEBUG:ExtRigidBodyExt.obj
 0003:00000585       ?_ignore@?3??add@InertiaTensorComputer@Ext@physx@@QAEXABV234@@Z@4_NA 10039585     PhysX3ExtensionsDEBUG:ExtRigidBodyExt.obj
 0003:00000586       ?_ignore@?4??add@InertiaTensorComputer@Ext@physx@@QAEXABV234@@Z@4_NA 10039586     PhysX3ExtensionsDEBUG:ExtRigidBodyExt.obj
 0003:00000596       ?_ignore@?2???A?$Array@PAVPxShape@physx@@V?$InlineAllocator@$0EA@VNamedAllocator@shdfnd@physx@@@shdfnd@2@@shdfnd@physx@@QAEAAPAVPxShape@3@I@Z@4_NA 10039596     PhysX3ExtensionsDEBUG:ExtRigidBodyExt.obj
 0003:00000597       ?_ignore@?2??grow@?$Array@PAVPxShape@physx@@V?$InlineAllocator@$0EA@VNamedAllocator@shdfnd@physx@@@shdfnd@2@@shdfnd@physx@@IAEXI@Z@4_NA 10039597     PhysX3ExtensionsDEBUG:ExtRigidBodyExt.obj
 0003:00000598       ?_ignore@?2??recreate@?$Array@PAVPxShape@physx@@V?$InlineAllocator@$0EA@VNamedAllocator@shdfnd@physx@@@shdfnd@2@@shdfnd@physx@@IAEXI@Z@4_NA 10039598     PhysX3ExtensionsDEBUG:ExtRigidBodyExt.obj
 0003:000005a0       ?__type_info_root_node@@3U__type_info_node@@A 100395a0     MSVCRTD:tncleanup.obj
 0003:000005bc       ___scrt_current_native_startup_state 100395bc     MSVCRTD:utility.obj
 0003:000005c0       ___scrt_native_startup_lock 100395c0     MSVCRTD:utility.obj
 0003:000005e8       ?_OptionsStorage@?1??__local_stdio_printf_options@@9@4_KA 100395e8     MSVCRTD:default_local_stdio_options.obj
 0003:000005f8       ?_OptionsStorage@?1??__local_stdio_scanf_options@@9@4_KA 100395f8     MSVCRTD:default_local_stdio_options.obj
 0003:00000604       ___scrt_debugger_hook_flag 10039604     MSVCRTD:utility_desktop.obj
 0003:00000608       ___isa_available           10039608     MSVCRTD:_cpu_disp_.obj
 0003:0000060c       ___favor                   1003960c     MSVCRTD:_cpu_disp_.obj
 0003:000009dc       ___dyn_tls_init_callback   100399dc     <common>
 0004:00000000       __imp__InitializeSListHead@4 1003a000     kernel32:KERNEL32.dll
 0004:00000004       __imp__GetCurrentProcessId@0 1003a004     kernel32:KERNEL32.dll
 0004:00000008       __imp__GetCurrentThreadId@0 1003a008     kernel32:KERNEL32.dll
 0004:0000000c       __imp__GetSystemTimeAsFileTime@4 1003a00c     kernel32:KERNEL32.dll
 0004:00000010       __imp__DisableThreadLibraryCalls@4 1003a010     kernel32:KERNEL32.dll
 0004:00000014       __imp__IsDebuggerPresent@0 1003a014     kernel32:KERNEL32.dll
 0004:00000018       __imp__UnhandledExceptionFilter@4 1003a018     kernel32:KERNEL32.dll
 0004:0000001c       __imp__SetUnhandledExceptionFilter@4 1003a01c     kernel32:KERNEL32.dll
 0004:00000020       __imp__GetStartupInfoW@4   1003a020     kernel32:KERNEL32.dll
 0004:00000024       __imp__IsProcessorFeaturePresent@4 1003a024     kernel32:KERNEL32.dll
 0004:00000028       __imp__GetModuleHandleW@4  1003a028     kernel32:KERNEL32.dll
 0004:0000002c       __imp__RaiseException@16   1003a02c     kernel32:KERNEL32.dll
 0004:00000030       __imp__MultiByteToWideChar@24 1003a030     kernel32:KERNEL32.dll
 0004:00000034       __imp__WideCharToMultiByte@32 1003a034     kernel32:KERNEL32.dll
 0004:00000038       __imp__GetLastError@0      1003a038     kernel32:KERNEL32.dll
 0004:0000003c       __imp__HeapAlloc@12        1003a03c     kernel32:KERNEL32.dll
 0004:00000040       __imp__HeapFree@12         1003a040     kernel32:KERNEL32.dll
 0004:00000044       __imp__GetProcessHeap@0    1003a044     kernel32:KERNEL32.dll
 0004:00000048       __imp__VirtualQuery@12     1003a048     kernel32:KERNEL32.dll
 0004:0000004c       __imp__FreeLibrary@4       1003a04c     kernel32:KERNEL32.dll
 0004:00000050       __imp__GetProcAddress@8    1003a050     kernel32:KERNEL32.dll
 0004:00000054       __imp__GetCurrentProcess@0 1003a054     kernel32:KERNEL32.dll
 0004:00000058       __imp__TerminateProcess@8  1003a058     kernel32:KERNEL32.dll
 0004:0000005c       __imp__QueryPerformanceCounter@4 1003a05c     kernel32:KERNEL32.dll
 0004:00000060       \177KERNEL32_NULL_THUNK_DATA 1003a060     kernel32:KERNEL32.dll
 0004:0000009c       __imp_?getTriangle@PxMeshQuery@physx@@SAXABVPxHeightFieldGeometry@2@ABVPxTransform@2@IAAVPxTriangle@2@PAI3@Z 1003a09c     PhysX3CommonDEBUG_x86:PhysX3CommonDEBUG_x86.dll
 0004:000000a0       __imp_??6RenderOutput@Cm@physx@@QAEAAV012@W4Primitive@012@@Z 1003a0a0     PhysX3CommonDEBUG_x86:PhysX3CommonDEBUG_x86.dll
 0004:000000a4       __imp_??6RenderOutput@Cm@physx@@QAEAAV012@VPxVec3@2@@Z 1003a0a4     PhysX3CommonDEBUG_x86:PhysX3CommonDEBUG_x86.dll
 0004:000000a8       __imp_?intersectTriangleBox@Gu@physx@@YAHABVPxVec3@2@0000@Z 1003a0a8     PhysX3CommonDEBUG_x86:PhysX3CommonDEBUG_x86.dll
 0004:000000ac       __imp_?getAllocator@shdfnd@physx@@YAAAVPxAllocatorCallback@2@XZ 1003a0ac     PhysX3CommonDEBUG_x86:PhysX3CommonDEBUG_x86.dll
 0004:000000b0       __imp_?allocate@Allocator@shdfnd@physx@@QAEPAXIPBDH@Z 1003a0b0     PhysX3CommonDEBUG_x86:PhysX3CommonDEBUG_x86.dll
 0004:000000b4       __imp_?getInstance@Foundation@shdfnd@physx@@SAAAV123@XZ 1003a0b4     PhysX3CommonDEBUG_x86:PhysX3CommonDEBUG_x86.dll
 0004:000000b8       __imp_?incRefCount@Foundation@shdfnd@physx@@SAXXZ 1003a0b8     PhysX3CommonDEBUG_x86:PhysX3CommonDEBUG_x86.dll
 0004:000000bc       __imp_?decRefCount@Foundation@shdfnd@physx@@SAXXZ 1003a0bc     PhysX3CommonDEBUG_x86:PhysX3CommonDEBUG_x86.dll
 0004:000000c0       __imp_?getTriangle@PxMeshQuery@physx@@SAXABVPxTriangleMeshGeometry@2@ABVPxTransform@2@IAAVPxTriangle@2@PAI3@Z 1003a0c0     PhysX3CommonDEBUG_x86:PhysX3CommonDEBUG_x86.dll
 0004:000000c4       __imp_?CompleteBoxPruning@Gu@physx@@YA_NPBVPxBounds3@2@IAAV?$Array@IVNamedAllocator@shdfnd@physx@@@shdfnd@2@ABVAxes@12@@Z 1003a0c4     PhysX3CommonDEBUG_x86:PhysX3CommonDEBUG_x86.dll
 0004:000000c8       __imp_?distanceSegmentSegmentSquaredOLD@Gu@physx@@YAMABVPxVec3@2@000PAM1@Z 1003a0c8     PhysX3CommonDEBUG_x86:PhysX3CommonDEBUG_x86.dll
 0004:000000cc       __imp_??0MutexImpl@shdfnd@physx@@QAE@XZ 1003a0cc     PhysX3CommonDEBUG_x86:PhysX3CommonDEBUG_x86.dll
 0004:000000d0       __imp_??1MutexImpl@shdfnd@physx@@QAE@XZ 1003a0d0     PhysX3CommonDEBUG_x86:PhysX3CommonDEBUG_x86.dll
 0004:000000d4       __imp_?getSize@MutexImpl@shdfnd@physx@@SAABIXZ 1003a0d4     PhysX3CommonDEBUG_x86:PhysX3CommonDEBUG_x86.dll
 0004:000000d8       __imp_?GetRaycastFuncTable@Gu@physx@@YAAAY06P6AIABVPxGeometry@2@ABVPxTransform@2@ABVPxVec3@2@2MV?$PxFlags@W4Enum@PxHitFlag@physx@@G@2@IPIAUPxRaycastHit@2@_NP6A_NAAU72@PAX@Z7@ZXZ 1003a0d8     PhysX3CommonDEBUG_x86:PhysX3CommonDEBUG_x86.dll
 0004:000000dc       __imp_?findOverlapHeightField@PxMeshQuery@physx@@SAIABVPxGeometry@2@ABVPxTransform@2@ABVPxHeightFieldGeometry@2@1PAIIIAA_N@Z 1003a0dc     PhysX3CommonDEBUG_x86:PhysX3CommonDEBUG_x86.dll
 0004:000000e0       __imp_?findOverlapTriangleMesh@PxMeshQuery@physx@@SAIABVPxGeometry@2@ABVPxTransform@2@ABVPxTriangleMeshGeometry@2@1PAIIIAA_N@Z 1003a0e0     PhysX3CommonDEBUG_x86:PhysX3CommonDEBUG_x86.dll
 0004:000000e4       __imp_?sweep@PxMeshQuery@physx@@SA_NABVPxVec3@2@MABVPxGeometry@2@ABVPxTransform@2@IPBVPxTriangle@2@AAUPxSweepHit@2@V?$PxFlags@W4Enum@PxHitFlag@physx@@G@2@PBIM_N@Z 1003a0e4     PhysX3CommonDEBUG_x86:PhysX3CommonDEBUG_x86.dll
 0004:000000e8       __imp_?distanceSegmentBoxSquared@Gu@physx@@YAMABVPxVec3@2@000ABVPxMat33@2@PAMPAV32@@Z 1003a0e8     PhysX3CommonDEBUG_x86:PhysX3CommonDEBUG_x86.dll
 0004:000000ec       __imp_?intersectOBBOBB@Gu@physx@@YA_NABVPxVec3@2@0ABVPxMat33@2@001_N@Z 1003a0ec     PhysX3CommonDEBUG_x86:PhysX3CommonDEBUG_x86.dll
 0004:000000f0       __imp_??1Box@Gu@physx@@QAE@XZ 1003a0f0     PhysX3CommonDEBUG_x86:PhysX3CommonDEBUG_x86.dll
 0004:000000f4       __imp_??0Box@Gu@physx@@QAE@ABVPxVec3@2@0ABVPxMat33@2@@Z 1003a0f4     PhysX3CommonDEBUG_x86:PhysX3CommonDEBUG_x86.dll
 0004:000000f8       __imp_??6Cm@physx@@YAAAVRenderOutput@01@AAV201@ABUDebugBox@01@@Z 1003a0f8     PhysX3CommonDEBUG_x86:PhysX3CommonDEBUG_x86.dll
 0004:000000fc       __imp_?outputCapsule@RenderOutput@Cm@physx@@QAEAAV123@MMABVMatrix34@23@@Z 1003a0fc     PhysX3CommonDEBUG_x86:PhysX3CommonDEBUG_x86.dll
 0004:00000100       __imp_??6RenderOutput@Cm@physx@@QAEAAV012@ABVPxTransform@2@@Z 1003a100     PhysX3CommonDEBUG_x86:PhysX3CommonDEBUG_x86.dll
 0004:00000104       __imp_?PxDiagonalize@physx@@YA?AVPxVec3@1@ABVPxMat33@1@AAVPxQuat@1@@Z 1003a104     PhysX3CommonDEBUG_x86:PhysX3CommonDEBUG_x86.dll
 0004:00000108       __imp_??6RenderOutput@Cm@physx@@QAEAAV012@I@Z 1003a108     PhysX3CommonDEBUG_x86:PhysX3CommonDEBUG_x86.dll
 0004:0000010c       __imp_??0RenderOutput@Cm@physx@@QAE@AAVRenderBuffer@12@@Z 1003a10c     PhysX3CommonDEBUG_x86:PhysX3CommonDEBUG_x86.dll
 0004:00000110       __imp_?deallocate@NamedAllocator@shdfnd@physx@@QAEXPAX@Z 1003a110     PhysX3CommonDEBUG_x86:PhysX3CommonDEBUG_x86.dll
 0004:00000114       __imp_?allocate@NamedAllocator@shdfnd@physx@@QAEPAXIPBDH@Z 1003a114     PhysX3CommonDEBUG_x86:PhysX3CommonDEBUG_x86.dll
 0004:00000118       __imp_??1NamedAllocator@shdfnd@physx@@QAE@XZ 1003a118     PhysX3CommonDEBUG_x86:PhysX3CommonDEBUG_x86.dll
 0004:0000011c       __imp_??0NamedAllocator@shdfnd@physx@@QAE@ABV012@@Z 1003a11c     PhysX3CommonDEBUG_x86:PhysX3CommonDEBUG_x86.dll
 0004:00000120       __imp_??0NamedAllocator@shdfnd@physx@@QAE@PBD@Z 1003a120     PhysX3CommonDEBUG_x86:PhysX3CommonDEBUG_x86.dll
 0004:00000124       __imp_?computePenetration@PxGeometryQuery@physx@@SA_NAAVPxVec3@2@AAMABVPxGeometry@2@ABVPxTransform@2@23@Z 1003a124     PhysX3CommonDEBUG_x86:PhysX3CommonDEBUG_x86.dll
 0004:00000128       __imp_?sweep@PxGeometryQuery@physx@@SA_NABVPxVec3@2@MABVPxGeometry@2@ABVPxTransform@2@12AAUPxSweepHit@2@V?$PxFlags@W4Enum@PxHitFlag@physx@@G@2@M@Z 1003a128     PhysX3CommonDEBUG_x86:PhysX3CommonDEBUG_x86.dll
 0004:0000012c       __imp_?PxTransformFromSegment@physx@@YA?AVPxTransform@1@ABVPxVec3@1@0PAM@Z 1003a12c     PhysX3CommonDEBUG_x86:PhysX3CommonDEBUG_x86.dll
 0004:00000130       __imp_?unlock@MutexImpl@shdfnd@physx@@QAEXXZ 1003a130     PhysX3CommonDEBUG_x86:PhysX3CommonDEBUG_x86.dll
 0004:00000134       __imp_?lock@MutexImpl@shdfnd@physx@@QAEXXZ 1003a134     PhysX3CommonDEBUG_x86:PhysX3CommonDEBUG_x86.dll
 0004:00000138       __imp_?deallocate@Allocator@shdfnd@physx@@QAEXPAX@Z 1003a138     PhysX3CommonDEBUG_x86:PhysX3CommonDEBUG_x86.dll
 0004:0000013c       __imp_??0Allocator@shdfnd@physx@@QAE@PBD@Z 1003a13c     PhysX3CommonDEBUG_x86:PhysX3CommonDEBUG_x86.dll
 0004:00000140       __imp__PxGetFoundation     1003a140     PhysX3CommonDEBUG_x86:PhysX3CommonDEBUG_x86.dll
 0004:00000144       __imp_?error@Foundation@shdfnd@physx@@QAAXW4Enum@PxErrorCode@3@PBDH1ZZ 1003a144     PhysX3CommonDEBUG_x86:PhysX3CommonDEBUG_x86.dll
 0004:00000148       __imp_?PxGetAssertHandler@physx@@YAAAVPxAssertHandler@1@XZ 1003a148     PhysX3CommonDEBUG_x86:PhysX3CommonDEBUG_x86.dll
 0004:0000014c       \177PhysX3CommonDEBUG_x86_NULL_THUNK_DATA 1003a14c     PhysX3CommonDEBUG_x86:PhysX3CommonDEBUG_x86.dll
 0004:00000198       __imp___purecall           1003a198     vcruntimed:VCRUNTIME140D.dll
 0004:0000019c       __imp__memset              1003a19c     vcruntimed:VCRUNTIME140D.dll
 0004:000001a0       __imp____std_type_info_name 1003a1a0     vcruntimed:VCRUNTIME140D.dll
 0004:000001a4       __imp____std_type_info_destroy_list 1003a1a4     vcruntimed:VCRUNTIME140D.dll
 0004:000001a8       __imp___except_handler4_common 1003a1a8     vcruntimed:VCRUNTIME140D.dll
 0004:000001ac       __imp____vcrt_GetModuleFileNameW 1003a1ac     vcruntimed:VCRUNTIME140D.dll
 0004:000001b0       __imp____vcrt_GetModuleHandleW 1003a1b0     vcruntimed:VCRUNTIME140D.dll
 0004:000001b4       __imp____vcrt_LoadLibraryExW 1003a1b4     vcruntimed:VCRUNTIME140D.dll
 0004:000001b8       __imp__memcpy              1003a1b8     vcruntimed:VCRUNTIME140D.dll
 0004:000001bc       \177VCRUNTIME140D_NULL_THUNK_DATA 1003a1bc     vcruntimed:VCRUNTIME140D.dll
 0004:000001ec       __imp___register_onexit_function 1003a1ec     ucrtd:ucrtbased.dll
 0004:000001f0       __imp___initialize_onexit_table 1003a1f0     ucrtd:ucrtbased.dll
 0004:000001f4       __imp___initialize_narrow_environment 1003a1f4     ucrtd:ucrtbased.dll
 0004:000001f8       __imp___configure_narrow_argv 1003a1f8     ucrtd:ucrtbased.dll
 0004:000001fc       __imp___seh_filter_dll     1003a1fc     ucrtd:ucrtbased.dll
 0004:00000200       __imp___free_dbg           1003a200     ucrtd:ucrtbased.dll
 0004:00000204       __imp___execute_onexit_table 1003a204     ucrtd:ucrtbased.dll
 0004:00000208       __imp___initterm           1003a208     ucrtd:ucrtbased.dll
 0004:0000020c       __imp___except1            1003a20c     ucrtd:ucrtbased.dll
 0004:00000210       __imp___CrtDbgReportW      1003a210     ucrtd:ucrtbased.dll
 0004:00000214       __imp___CrtDbgReport       1003a214     ucrtd:ucrtbased.dll
 0004:00000218       __imp___fpclass            1003a218     ucrtd:ucrtbased.dll
 0004:0000021c       __imp__sqrt                1003a21c     ucrtd:ucrtbased.dll
 0004:00000220       __imp___crt_atexit         1003a220     ucrtd:ucrtbased.dll
 0004:00000224       __imp___crt_at_quick_exit  1003a224     ucrtd:ucrtbased.dll
 0004:00000228       __imp___cexit              1003a228     ucrtd:ucrtbased.dll
 0004:0000022c       __imp__wcscpy_s            1003a22c     ucrtd:ucrtbased.dll
 0004:00000230       __imp___wsplitpath_s       1003a230     ucrtd:ucrtbased.dll
 0004:00000234       __imp___wmakepath_s        1003a234     ucrtd:ucrtbased.dll
 0004:00000238       __imp____stdio_common_vsprintf_s 1003a238     ucrtd:ucrtbased.dll
 0004:0000023c       __imp___initterm_e         1003a23c     ucrtd:ucrtbased.dll
 0004:00000240       __imp__terminate           1003a240     ucrtd:ucrtbased.dll
 0004:00000244       __imp__fabs                1003a244     ucrtd:ucrtbased.dll
 0004:00000248       \177ucrtbased_NULL_THUNK_DATA 1003a248     ucrtd:ucrtbased.dll
 0004:00000284       __IMPORT_DESCRIPTOR_PhysX3CommonDEBUG_x86 1003a284     PhysX3CommonDEBUG_x86:PhysX3CommonDEBUG_x86.dll
 0004:00000298       __IMPORT_DESCRIPTOR_VCRUNTIME140D 1003a298     vcruntimed:VCRUNTIME140D.dll
 0004:000002ac       __IMPORT_DESCRIPTOR_ucrtbased 1003a2ac     ucrtd:ucrtbased.dll
 0004:000002c0       __IMPORT_DESCRIPTOR_KERNEL32 1003a2c0     kernel32:KERNEL32.dll
 0004:000002d4       __NULL_IMPORT_DESCRIPTOR   1003a2d4     PhysX3CommonDEBUG_x86:PhysX3CommonDEBUG_x86.dll
 0006:00000000       ___guard_check_icall_fptr  1003d000     MSVCRTD:guard_support.obj
